Component: ARM Compiler 5.06 update 7 (build 960) Tool: armlink [4d3601]

==============================================================================

Section Cross References

    egc.o(i.main) refers to cpu_a.o(.text) for CPU_IntDis
    egc.o(i.main) refers to os_core.o(i.OSInit) for OSInit
    egc.o(i.main) refers to sys_cfg.o(i.SYS_SystemConfig) for SYS_SystemConfig
    egc.o(i.main) refers to cpu_core.o(i.CPU_Init) for CPU_Init
    egc.o(i.main) refers to sys_cfg.o(i.SYS_SystemTickInit) for SYS_SystemTickInit
    egc.o(i.main) refers to lib_mem.o(i.Mem_Init) for Mem_Init
    egc.o(i.main) refers to lib_math.o(i.Math_Init) for Math_Init
    egc.o(i.main) refers to drv_sdram_stm32f4xx.o(i.DRV_SDR_Init) for DRV_SDR_Init
    egc.o(i.main) refers to os_task.o(i.OSTaskCreate) for OSTaskCreate
    egc.o(i.main) refers to os_core.o(i.OSStart) for OSStart
    egc.o(i.main) refers to egc.o(.bss) for g_uiEGCESPTaskStk
    egc.o(i.main) refers to egc_esp.o(i.EGC_ESP_Task) for EGC_ESP_Task
    egc.o(i.main) refers to egc_ctl.o(i.EGC_CTL_Task) for EGC_CTL_Task
    egc.o(i.main) refers to egc_msr.o(i.EGC_MSR_Task) for EGC_MSR_Task
    egc.o(i.main) refers to egc_hst.o(i.EGC_HST_Task) for EGC_HST_Task
    egc.o(i.main) refers to egc_lg1.o(i.EGC_LG1_Task) for EGC_LG1_Task
    egc.o(i.main) refers to egc_lg2.o(i.EGC_LG2_Task) for EGC_LG2_Task
    egc_lg1.o(i.EGC_LG1_SPIDMAIntHandler) refers to drv_spi_stm32f4xx.o(i.DRV_SPI_GeneralDMAIntHandler) for DRV_SPI_GeneralDMAIntHandler
    egc_lg1.o(i.EGC_LG1_SPIDMAIntHandler) refers to egc_lg1.o(.bss) for g_stLG1SPIDevice
    egc_lg1.o(i.EGC_LG1_SPIIntHandler) refers to drv_spi_stm32f4xx.o(i.DRV_SPI_GeneralIntHandler) for DRV_SPI_GeneralIntHandler
    egc_lg1.o(i.EGC_LG1_SPIIntHandler) refers to egc_lg1.o(.bss) for g_stLG1SPIDevice
    egc_lg1.o(i.EGC_LG1_Task) refers to egc_lg1.o(i.__EGC_LG1_Init) for __EGC_LG1_Init
    egc_lg1.o(i.EGC_LG1_Task) refers to os_time.o(i.OSTimeDlyHMSM) for OSTimeDlyHMSM
    egc_lg1.o(i.EGC_LG1_Task) refers to egc_lg1.o(i.__EGC_LG1_SetLCDBrightness) for __EGC_LG1_SetLCDBrightness
    egc_lg1.o(i.EGC_LG1_Task) refers to egc_lg1.o(i.__EGC_LG1_WriteLCDScreenDatInfo) for __EGC_LG1_WriteLCDScreenDatInfo
    egc_lg1.o(i.EGC_LG1_Task) refers to egc_lg1.o(.bss) for g_stLG1WA
    egc_lg1.o(i.__EGC_LG1_INIT_CONFIGGPIO_SetPinGPIOClock) refers to egc_lg1.o(i.__EGC_LG1_INIT_CONFIGGPIO_GetPinGroup) for __EGC_LG1_INIT_CONFIGGPIO_GetPinGroup
    egc_lg1.o(i.__EGC_LG1_INIT_CONFIGGPIO_SetPinGPIOClock) refers to stm32f4xx_rcc.o(i.RCC_AHB1PeriphClockCmd) for RCC_AHB1PeriphClockCmd
    egc_lg1.o(i.__EGC_LG1_INIT_ConfigGPIO) refers to egc_lg1.o(i.__EGC_LG1_INIT_CONFIGGPIO_GetPinGroup) for __EGC_LG1_INIT_CONFIGGPIO_GetPinGroup
    egc_lg1.o(i.__EGC_LG1_INIT_ConfigGPIO) refers to egc_lg1.o(i.__EGC_LG1_INIT_CONFIGGPIO_GetPinIndex) for __EGC_LG1_INIT_CONFIGGPIO_GetPinIndex
    egc_lg1.o(i.__EGC_LG1_INIT_ConfigGPIO) refers to egc_lg1.o(i.__EGC_LG1_INIT_CONFIGGPIO_SetPinGPIOClock) for __EGC_LG1_INIT_CONFIGGPIO_SetPinGPIOClock
    egc_lg1.o(i.__EGC_LG1_INIT_ConfigGPIO) refers to stm32f4xx_gpio.o(i.GPIO_Init) for GPIO_Init
    egc_lg1.o(i.__EGC_LG1_INIT_ConfigGPIO) refers to egc_lg1.o(i.__EGC_LG1_INIT_TailLeadZeros) for __EGC_LG1_INIT_TailLeadZeros
    egc_lg1.o(i.__EGC_LG1_INIT_ConfigGPIO) refers to stm32f4xx_gpio.o(i.GPIO_PinAFConfig) for GPIO_PinAFConfig
    egc_lg1.o(i.__EGC_LG1_INIT_ConfigGPIO) refers to stm32f4xx_gpio.o(i.GPIO_SetBits) for GPIO_SetBits
    egc_lg1.o(i.__EGC_LG1_INIT_ConfigLCD) refers to egc_lg1.o(i.__EGC_LG1_SetLCDScreenReset) for __EGC_LG1_SetLCDScreenReset
    egc_lg1.o(i.__EGC_LG1_INIT_ConfigLCD) refers to os_time.o(i.OSTimeDlyHMSM) for OSTimeDlyHMSM
    egc_lg1.o(i.__EGC_LG1_INIT_ConfigLCD) refers to egc_lg1.o(i.__EGC_LG1_WriteLCDScreenSetInfo) for __EGC_LG1_WriteLCDScreenSetInfo
    egc_lg1.o(i.__EGC_LG1_INIT_ConfigTIM) refers to stm32f4xx_rcc.o(i.RCC_APB1PeriphClockCmd) for RCC_APB1PeriphClockCmd
    egc_lg1.o(i.__EGC_LG1_INIT_ConfigTIM) refers to stm32f4xx_rcc.o(i.RCC_GetClocksFreq) for RCC_GetClocksFreq
    egc_lg1.o(i.__EGC_LG1_INIT_ConfigTIM) refers to stm32f4xx_tim.o(i.TIM_TimeBaseInit) for TIM_TimeBaseInit
    egc_lg1.o(i.__EGC_LG1_INIT_ConfigTIM) refers to stm32f4xx_tim.o(i.TIM_ARRPreloadConfig) for TIM_ARRPreloadConfig
    egc_lg1.o(i.__EGC_LG1_INIT_ConfigTIM) refers to stm32f4xx_tim.o(i.TIM_OC1Init) for TIM_OC1Init
    egc_lg1.o(i.__EGC_LG1_INIT_ConfigTIM) refers to stm32f4xx_tim.o(i.TIM_OC2Init) for TIM_OC2Init
    egc_lg1.o(i.__EGC_LG1_INIT_ConfigTIM) refers to stm32f4xx_tim.o(i.TIM_OC3Init) for TIM_OC3Init
    egc_lg1.o(i.__EGC_LG1_INIT_ConfigTIM) refers to stm32f4xx_tim.o(i.TIM_OC4Init) for TIM_OC4Init
    egc_lg1.o(i.__EGC_LG1_INIT_ConfigTIM) refers to stm32f4xx_tim.o(i.TIM_ITConfig) for TIM_ITConfig
    egc_lg1.o(i.__EGC_LG1_INIT_ConfigTIM) refers to stm32f4xx_tim.o(i.TIM_Cmd) for TIM_Cmd
    egc_lg1.o(i.__EGC_LG1_Init) refers to egc_lg1.o(i.__EGC_LG1_INIT_ConfigGPIO) for __EGC_LG1_INIT_ConfigGPIO
[...]
    OSMutexQty                               0x200000a0   Data           2  os_var.o(.data)
    OSPrioCur                                0x200000a2   Data           1  os_var.o(.data)
    OSPrioHighRdy                            0x200000a3   Data           1  os_var.o(.data)
    OSPrioSaved                              0x200000a4   Data           1  os_var.o(.data)
    OSQDbgListPtr                            0x200000a8   Data           4  os_var.o(.data)
    OSQQty                                   0x200000ac   Data           2  os_var.o(.data)
    OSSchedLockNestingCtr                    0x200000ae   Data           1  os_var.o(.data)
    OSSemDbgListPtr                          0x200000b0   Data           4  os_var.o(.data)
    OSSemQty                                 0x200000b4   Data           2  os_var.o(.data)
    OSStatResetFlag                          0x200000b6   Data           1  os_var.o(.data)
    OSStatTaskCPUUsage                       0x200000b8   Data           2  os_var.o(.data)
    OSStatTaskCPUUsageMax                    0x200000ba   Data           2  os_var.o(.data)
    OSStatTaskCtr                            0x200000bc   Data           4  os_var.o(.data)
    OSStatTaskCtrMax                         0x200000c0   Data           4  os_var.o(.data)
    OSStatTaskCtrRun                         0x200000c4   Data           4  os_var.o(.data)
    OSStatTaskRdy                            0x200000c8   Data           1  os_var.o(.data)
    OSStatTaskTimeMax                        0x200000cc   Data           4  os_var.o(.data)
    OSTaskCtxSwCtr                           0x200000d0   Data           4  os_var.o(.data)
    OSTaskDbgListPtr                         0x200000d4   Data           4  os_var.o(.data)
    OSTaskQty                                0x200000d8   Data           2  os_var.o(.data)
    OSTaskRegNextAvailID                     0x200000da   Data           1  os_var.o(.data)
    OSTickCtr                                0x200000dc   Data           4  os_var.o(.data)
    OSTickTaskTimeMax                        0x200000e0   Data           4  os_var.o(.data)
    OSTickListDly                            0x200000e4   Data           8  os_var.o(.data)
    OSTickListTimeout                        0x200000ec   Data           8  os_var.o(.data)
    OSTmrDbgListPtr                          0x200000f4   Data           4  os_var.o(.data)
    OSTmrListEntries                         0x200000f8   Data           2  os_var.o(.data)
    OSTmrListPtr                             0x200000fc   Data           4  os_var.o(.data)
    OSTmrQty                                 0x20000100   Data           2  os_var.o(.data)
    OSTmrTaskTimeMax                         0x20000104   Data           4  os_var.o(.data)
    OSTmrTickCtr                             0x20000108   Data           4  os_var.o(.data)
    OSTmrUpdateCnt                           0x2000010c   Data           4  os_var.o(.data)
    OSTmrUpdateCtr                           0x20000110   Data           4  os_var.o(.data)
    OSTCBCurPtr                              0x20000114   Data           4  os_var.o(.data)
    OSTCBHighRdyPtr                          0x20000118   Data           4  os_var.o(.data)
    g_stLG1WA                                0x20008600   Data          12  egc_lg1.o(.bss)
    apInterruptCallbackTable                 0x20008670   Data         364  sys_interrupt.o(.bss)
    g_stMSRWA                                0x200087dc   Data          32  egc_msr.o(.bss)
    g_stI2CDevice                            0x200087fc   Data         160  egc_msr.o(.bss)
    g_stESPUARTDevice                        0x2000889c   Data          72  egc_esp.o(.bss)
    g_stESPWA                                0x200088e4   Data          40  egc_esp.o(.bss)
    g_stCTLWA                                0x2000890c   Data          36  egc_ctl.o(.bss)
    g_stW25QSPIDevice                        0x20008930   Data         100  egc_ctl.o(.bss)
    g_stW25QDevice                           0x20008994   Data          56  egc_ctl.o(.bss)
    g_stEGCConfigInfo                        0x200089cc   Data        1024  egc_ctl.o(.bss)
    g_stHSTUARTDevice                        0x20008dcc   Data          72  egc_hst.o(.bss)
    CPU_Name                                 0x20008f40   Data          16  cpu_core.o(.bss)
    Mem_Heap                                 0x20008f50   Data        1024  lib_mem.o(.bss)
    Mem_SegHeap                              0x20009350   Data          20  lib_mem.o(.bss)
    OSCfg_IdleTaskStk                        0x20009364   Data         512  os_cfg_app.o(.bss)
    OSCfg_ISRStk                             0x20009564   Data         400  os_cfg_app.o(.bss)
    OSCfg_MsgPool                            0x200096f4   Data        8192  os_cfg_app.o(.bss)
    OSCfg_StatTaskStk                        0x2000b6f4   Data         400  os_cfg_app.o(.bss)
    OSCfg_TickTaskStk                        0x2000b884   Data         512  os_cfg_app.o(.bss)
    OSCfg_TmrTaskStk                         0x2000ba84   Data         512  os_cfg_app.o(.bss)
    OSIdleTaskTCB                            0x2000bc84   Data         192  os_var.o(.bss)
    OSMsgPool                                0x2000bd44   Data          12  os_var.o(.bss)
    OSRdyList                                0x2000bd50   Data         384  os_var.o(.bss)
    OSStatTaskTCB                            0x2000bed0   Data         192  os_var.o(.bss)
    OSTickTaskTCB                            0x2000bf90   Data         192  os_var.o(.bss)
    OSTmrMutex                               0x2000c050   Data          48  os_var.o(.bss)
    OSTmrTaskTCB                             0x2000c080   Data         192  os_var.o(.bss)
    __libspace_start                         0x2000c16c   Data          96  libspace.o(.bss)
    __temporary_stack_top$libspace           0x2000c1cc   Data           0  libspace.o(.bss)



==============================================================================

Memory Map of the image

  Image Entry point : 0x080001ad

  Load Region LR_IROM1 (Base: 0x08000000, Size: 0x000116f8, Max: 0x00200000, ABSOLUTE)

    Execution Region ER_IROM1 (Exec base: 0x08000000, Load base: 0x08000000, Size: 0x000115dc, Max: 0x00200000, ABSOLUTE)

    Exec Addr    Load Addr    Size         Type   Attr      Idx    E Section Name        Object

    0x08000000   0x08000000   0x000001ac   Data   RO         6268    RESET               cstartup.o
    0x080001ac   0x080001ac   0x00000008   Code   RO         8823  * !!!main             c_w.l(__main.o)
    0x080001b4   0x080001b4   0x00000034   Code   RO         9198    !!!scatter          c_w.l(__scatter.o)
    0x080001e8   0x080001e8   0x0000001a   Code   RO         9200    !!handler_copy      c_w.l(__scatter_copy.o)
    0x08000202   0x08000202   0x00000002   PAD
    0x08000204   0x08000204   0x0000001c   Code   RO         9202    !!handler_zi        c_w.l(__scatter_zi.o)
    0x08000220   0x08000220   0x00000000   Code   RO         8801    .ARM.Collect$$_printf_percent$$00000000  c_w.l(_printf_percent.o)
    0x08000220   0x08000220   0x00000006   Code   RO         8924    .ARM.Collect$$_printf_percent$$00000001  c_w.l(_printf_n.o)
    0x08000226   0x08000226   0x00000006   Code   RO         8926    .ARM.Collect$$_printf_percent$$00000002  c_w.l(_printf_p.o)
    0x0800022c   0x0800022c   0x00000006   Code   RO         8930    .ARM.Collect$$_printf_percent$$00000003  c_w.l(_printf_f.o)
    0x08000232   0x08000232   0x00000006   Code   RO         8931    .ARM.Collect$$_printf_percent$$00000004  c_w.l(_printf_e.o)
    0x08000238   0x08000238   0x00000006   Code   RO         8932    .ARM.Collect$$_printf_percent$$00000005  c_w.l(_printf_g.o)
    0x0800023e   0x0800023e   0x00000006   Code   RO         8933    .ARM.Collect$$_printf_percent$$00000006  c_w.l(_printf_a.o)
    0x08000244   0x08000244   0x0000000a   Code   RO         8938    .ARM.Collect$$_printf_percent$$00000007  c_w.l(_printf_ll.o)
    0x0800024e   0x0800024e   0x00000006   Code   RO         8928    .ARM.Collect$$_printf_percent$$00000008  c_w.l(_printf_i.o)
    0x08000254   0x08000254   0x00000006   Code   RO         8800    .ARM.Collect$$_printf_percent$$00000009  c_w.l(_printf_d.o)
    0x0800025a   0x0800025a   0x00000006   Code   RO         8929    .ARM.Collect$$_printf_percent$$0000000A  c_w.l(_printf_u.o)
    0x08000260   0x08000260   0x00000006   Code   RO         8927    .ARM.Collect$$_printf_percent$$0000000B  c_w.l(_printf_o.o)
    0x08000266   0x08000266   0x00000006   Code   RO         8925    .ARM.Collect$$_printf_percent$$0000000C  c_w.l(_printf_x.o)
    0x0800026c   0x0800026c   0x00000006   Code   RO         8935    .ARM.Collect$$_printf_percent$$0000000D  c_w.l(_printf_lli.o)
    0x08000272   0x08000272   0x00000006   Code   RO         8936    .ARM.Collect$$_printf_percent$$0000000E  c_w.l(_printf_lld.o)
    0x08000278   0x08000278   0x00000006   Code   RO         8937    .ARM.Collect$$_printf_percent$$0000000F  c_w.l(_printf_llu.o)
    0x0800027e   0x0800027e   0x00000006   Code   RO         8942    .ARM.Collect$$_printf_percent$$00000010  c_w.l(_printf_llo.o)
    0x08000284   0x08000284   0x00000006   Code   RO         8943    .ARM.Collect$$_printf_percent$$00000011  c_w.l(_printf_llx.o)
    0x0800028a   0x0800028a   0x0000000a   Code   RO         8939    .ARM.Collect$$_printf_percent$$00000012  c_w.l(_printf_l.o)
    0x08000294   0x08000294   0x00000006   Code   RO         8923    .ARM.Collect$$_printf_percent$$00000013  c_w.l(_printf_c.o)
    0x0800029a   0x0800029a   0x00000006   Code   RO         8799    .ARM.Collect$$_printf_percent$$00000014  c_w.l(_printf_s.o)
    0x080002a0   0x080002a0   0x00000006   Code   RO         8940    .ARM.Collect$$_printf_percent$$00000015  c_w.l(_printf_lc.o)
    0x080002a6   0x080002a6   0x00000006   Code   RO         8941    .ARM.Collect$$_printf_percent$$00000016  c_w.l(_printf_ls.o)
    0x080002ac   0x080002ac   0x00000004   Code   RO         8934    .ARM.Collect$$_printf_percent$$00000017  c_w.l(_printf_percent_end.o)
    0x080002b0   0x080002b0   0x00000002   Code   RO         9128    .ARM.Collect$$libinit$$00000000  c_w.l(libinit.o)
    0x080002b2   0x080002b2   0x00000004   Code   RO         8949    .ARM.Collect$$libinit$$00000001  c_w.l(libinit2.o)
    0x080002b6   0x080002b6   0x00000000   Code   RO         8952    .ARM.Collect$$libinit$$00000004  c_w.l(libinit2.o)
    0x080002b6   0x080002b6   0x00000008   Code   RO         8953    .ARM.Collect$$libinit$$00000005  c_w.l(libinit2.o)
    0x080002be   0x080002be   0x00000000   Code   RO         8955    .ARM.Collect$$libinit$$0000000A  c_w.l(libinit2.o)
    0x080002be   0x080002be   0x00000000   Code   RO         8957    .ARM.Collect$$libinit$$0000000C  c_w.l(libinit2.o)
    0x080002be   0x080002be   0x00000000   Code   RO         8959    .ARM.Collect$$libinit$$0000000E  c_w.l(libinit2.o)
    0x080002be   0x080002be   0x00000006   Code   RO         8960    .ARM.Collect$$libinit$$0000000F  c_w.l(libinit2.o)
    0x080002c4   0x080002c4   0x00000000   Code   RO         8962    .ARM.Collect$$libinit$$00000011  c_w.l(libinit2.o)
    0x080002c4   0x080002c4   0x0000000c   Code   RO         8963    .ARM.Collect$$libinit$$00000012  c_w.l(libinit2.o)
    0x080002d0   0x080002d0   0x00000000   Code   RO         8964    .ARM.Collect$$libinit$$00000013  c_w.l(libinit2.o)
    0x080002d0   0x080002d0   0x00000000   Code   RO         8966    .ARM.Collect$$libinit$$00000015  c_w.l(libinit2.o)
    0x080002d0   0x080002d0   0x0000000a   Code   RO         8967    .ARM.Collect$$libinit$$00000016  c_w.l(libinit2.o)
    0x080002da   0x080002da   0x00000000   Code   RO         8968    .ARM.Collect$$libinit$$00000017  c_w.l(libinit2.o)
    0x080002da   0x080002da   0x00000000   Code   RO         8970    .ARM.Collect$$libinit$$00000019  c_w.l(libinit2.o)
    0x080002da   0x080002da   0x00000000   Code   RO         8972    .ARM.Collect$$libinit$$0000001B  c_w.l(libinit2.o)
    0x080002da   0x080002da   0x00000000   Code   RO         8974    .ARM.Collect$$libinit$$0000001D  c_w.l(libinit2.o)
    0x080002da   0x080002da   0x00000000   Code   RO         8976    .ARM.Collect$$libinit$$0000001F  c_w.l(libinit2.o)
    0x080002da   0x080002da   0x00000000   Code   RO         8978    .ARM.Collect$$libinit$$00000021  c_w.l(libinit2.o)
    0x080002da   0x080002da   0x00000000   Code   RO         8980    .ARM.Collect$$libinit$$00000023  c_w.l(libinit2.o)
    0x080002da   0x080002da   0x00000000   Code   RO         8982    .ARM.Collect$$libinit$$00000025  c_w.l(libinit2.o)
    0x080002da   0x080002da   0x00000000   Code   RO         8986    .ARM.Collect$$libinit$$0000002C  c_w.l(libinit2.o)
    0x080002da   0x080002da   0x00000000   Code   RO         8988    .ARM.Collect$$libinit$$0000002E  c_w.l(libinit2.o)
    0x080002da   0x080002da   0x00000000   Code   RO         8990    .ARM.Collect$$libinit$$00000030  c_w.l(libinit2.o)
    0x080002da   0x080002da   0x00000000   Code   RO         8992    .ARM.Collect$$libinit$$00000032  c_w.l(libinit2.o)
    0x080002da   0x080002da   0x00000002   Code   RO         8993    .ARM.Collect$$libinit$$00000033  c_w.l(libinit2.o)
    0x080002dc   0x080002dc   0x00000002   Code   RO         9195    .ARM.Collect$$libshutdown$$00000000  c_w.l(libshutdown.o)
    0x080002de   0x080002de   0x00000000   Code   RO         9151    .ARM.Collect$$libshutdown$$00000002  c_w.l(libshutdown2.o)
    0x080002de   0x080002de   0x00000000   Code   RO         9153    .ARM.Collect$$libshutdown$$00000004  c_w.l(libshutdown2.o)
    0x080002de   0x080002de   0x00000000   Code   RO         9155    .ARM.Collect$$libshutdown$$00000006  c_w.l(libshutdown2.o)
    0x080002de   0x080002de   0x00000000   Code   RO         9158    .ARM.Collect$$libshutdown$$00000009  c_w.l(libshutdown2.o)
    0x080002de   0x080002de   0x00000000   Code   RO         9161    .ARM.Collect$$libshutdown$$0000000C  c_w.l(libshutdown2.o)
    0x080002de   0x080002de   0x00000000   Code   RO         9163    .ARM.Collect$$libshutdown$$0000000E  c_w.l(libshutdown2.o)
    0x080002de   0x080002de   0x00000000   Code   RO         9166    .ARM.Collect$$libshutdown$$00000011  c_w.l(libshutdown2.o)
    0x080002de   0x080002de   0x00000002   Code   RO         9167    .ARM.Collect$$libshutdown$$00000012  c_w.l(libshutdown2.o)
    0x080002e0   0x080002e0   0x00000000   Code   RO         8847    .ARM.Collect$$rtentry$$00000000  c_w.l(__rtentry.o)
    0x080002e0   0x080002e0   0x00000000   Code   RO         9015    .ARM.Collect$$rtentry$$00000002  c_w.l(__rtentry2.o)
    0x080002e0   0x080002e0   0x00000006   Code   RO         9027    .ARM.Collect$$rtentry$$00000004  c_w.l(__rtentry4.o)
    0x080002e6   0x080002e6   0x00000000   Code   RO         9017    .ARM.Collect$$rtentry$$00000009  c_w.l(__rtentry2.o)
    0x080002e6   0x080002e6   0x00000004   Code   RO         9018    .ARM.Collect$$rtentry$$0000000A  c_w.l(__rtentry2.o)
    0x080002ea   0x080002ea   0x00000000   Code   RO         9020    .ARM.Collect$$rtentry$$0000000C  c_w.l(__rtentry2.o)
    0x080002ea   0x080002ea   0x00000008   Code   RO         9021    .ARM.Collect$$rtentry$$0000000D  c_w.l(__rtentry2.o)
    0x080002f2   0x080002f2   0x00000002   Code   RO         9135    .ARM.Collect$$rtexit$$00000000  c_w.l(rtexit.o)
    0x080002f4   0x080002f4   0x00000000   Code   RO         9171    .ARM.Collect$$rtexit$$00000002  c_w.l(rtexit2.o)
    0x080002f4   0x080002f4   0x00000004   Code   RO         9172    .ARM.Collect$$rtexit$$00000003  c_w.l(rtexit2.o)
    0x080002f8   0x080002f8   0x00000006   Code   RO         9173    .ARM.Collect$$rtexit$$00000004  c_w.l(rtexit2.o)
    0x080002fe   0x080002fe   0x00000002   PAD
    0x08000300   0x08000300   0x00000000   Code   RO         9033    .emb_text           c_w.l(maybetermalloc1.o)
    0x08000300   0x08000300   0x0000005c   Code   RO         6269    .text               cstartup.o
    0x0800035c   0x0800035c   0x00000034   Code   RO         6514    .text               cpu_a.o
    0x08000390   0x08000390   0x0000005e   Code   RO         8705    .text               c_w.l(h1_alloc.o)
    0x080003ee   0x080003ee   0x0000004e   Code   RO         8707    .text               c_w.l(h1_free.o)
    0x0800043c   0x0800043c   0x00000034   Code   RO         8765    .text               c_w.l(vsnprintf.o)
    0x08000470   0x08000470   0x0000002c   Code   RO         8767    .text               c_w.l(__2sprintf.o)
    0x0800049c   0x0800049c   0x0000004e   Code   RO         8773    .text               c_w.l(_printf_pad.o)
    0x080004ea   0x080004ea   0x00000052   Code   RO         8775    .text               c_w.l(_printf_str.o)
    0x0800053c   0x0800053c   0x00000078   Code   RO         8777    .text               c_w.l(_printf_dec.o)
    0x080005b4   0x080005b4   0x00000188   Code   RO         8796    .text               c_w.l(__printf_flags_ss_wp.o)
    0x0800073c   0x0800073c   0x00000024   Code   RO         8802    .text               c_w.l(strstr.o)
    0x08000760   0x08000760   0x0000003e   Code   RO         8804    .text               c_w.l(strlen.o)
    0x0800079e   0x0800079e   0x0000008a   Code   RO         8806    .text               c_w.l(rt_memcpy_v6.o)
    0x08000828   0x08000828   0x00000064   Code   RO         8808    .text               c_w.l(rt_memcpy_w.o)
    0x0800088c   0x0800088c   0x00000044   Code   RO         8810    .text               c_w.l(rt_memclr.o)
    0x080008d0   0x080008d0   0x0000004e   Code   RO         8812    .text               c_w.l(rt_memclr_w.o)
    0x0800091e   0x0800091e   0x00000002   PAD
    0x08000920   0x08000920   0x00000080   Code   RO         8814    .text               c_w.l(strcmpv7m.o)
    0x080009a0   0x080009a0   0x0000000c   Code   RO         8816    .text               c_w.l(localtime.o)
    0x080009ac   0x080009ac   0x000001ac   Code   RO         8819    .text               c_w.l(mktime.o)
    0x08000b58   0x08000b58   0x00000006   Code   RO         8821    .text               c_w.l(heapauxi.o)
    0x08000b5e   0x08000b5e   0x00000002   PAD
    0x08000b60   0x08000b60   0x00000008   Code   RO         8855    .text               c_w.l(rt_heap_descriptor_intlibspace.o)
    0x08000b68   0x08000b68   0x00000004   Code   RO         8857    .text               c_w.l(hguard.o)
    0x08000b6c   0x08000b6c   0x0000008a   Code   RO         8859    .text               c_w.l(init_alloc.o)
    0x08000bf6   0x08000bf6   0x0000000e   Code   RO         8863    .text               c_w.l(h1_init.o)
    0x08000c04   0x08000c04   0x00000024   Code   RO         8877    .text               c_w.l(_printf_truncate.o)
    0x08000c28   0x08000c28   0x000000b2   Code   RO         8879    .text               c_w.l(_printf_intcommon.o)
    0x08000cda   0x08000cda   0x00000028   Code   RO         8881    .text               c_w.l(_printf_charcount.o)
    0x08000d02   0x08000d02   0x00000002   PAD
    0x08000d04   0x08000d04   0x00000030   Code   RO         8883    .text               c_w.l(_printf_char_common.o)
    0x08000d34   0x08000d34   0x0000000a   Code   RO         8885    .text               c_w.l(_sputc.o)
    0x08000d3e   0x08000d3e   0x00000010   Code   RO         8887    .text               c_w.l(_snputc.o)
    0x08000d4e   0x08000d4e   0x0000002c   Code   RO         8889    .text               c_w.l(_printf_char.o)
    0x08000d7a   0x08000d7a   0x00000002   PAD
    0x08000d7c   0x08000d7c   0x000000bc   Code   RO         8891    .text               c_w.l(_printf_wctomb.o)
    0x08000e38   0x08000e38   0x0000007c   Code   RO         8894    .text               c_w.l(_printf_longlong_dec.o)
    0x08000eb4   0x08000eb4   0x00000070   Code   RO         8900    .text               c_w.l(_printf_oct_int_ll.o)
    0x08000f24   0x08000f24   0x00000094   Code   RO         8920    .text               c_w.l(_printf_hex_int_ll_ptr.o)
    0x08000fb8   0x08000fb8   0x000000b8   Code   RO         8945    .text               c_w.l(localtime_internal.o)
    0x08001070   0x08001070   0x00000008   Code   RO         9011    .text               c_w.l(libspace.o)
    0x08001078   0x08001078   0x00000034   Code   RO         9035    .text               c_w.l(h1_extend.o)
    0x080010ac   0x080010ac   0x0000008a   Code   RO         9039    .text               c_w.l(lludiv10.o)
    0x08001136   0x08001136   0x0000041e   Code   RO         9041    .text               c_w.l(_printf_fp_dec.o)
    0x08001554   0x08001554   0x000002fc   Code   RO         9043    .text               c_w.l(_printf_fp_hex.o)
    0x08001850   0x08001850   0x0000002c   Code   RO         9048    .text               c_w.l(_printf_wchar.o)
    0x0800187c   0x0800187c   0x00000040   Code   RO         9050    .text               c_w.l(_wcrtomb.o)
    0x080018bc   0x080018bc   0x0000000e   Code   RO         9052    .text               c_w.l(defsig_rtmem_outer.o)
    0x080018ca   0x080018ca   0x00000002   Code   RO         9063    .text               c_w.l(use_no_semi.o)
    0x080018cc   0x080018cc   0x00000000   Code   RO         9065    .text               c_w.l(indicate_semi.o)
    0x080018cc   0x080018cc   0x0000004a   Code   RO         9066    .text               c_w.l(sys_stackheap_outer.o)
    0x08001916   0x08001916   0x00000002   PAD
    0x08001918   0x08001918   0x00000010   Code   RO         9068    .text               c_w.l(rt_ctype_table.o)
    0x08001928   0x08001928   0x00000008   Code   RO         9075    .text               c_w.l(rt_locale_intlibspace.o)
    0x08001930   0x08001930   0x00000080   Code   RO         9079    .text               c_w.l(_printf_fp_infnan.o)
    0x080019b0   0x080019b0   0x000000e4   Code   RO         9081    .text               c_w.l(bigflt0.o)
    0x08001a94   0x08001a94   0x00000012   Code   RO         9109    .text               c_w.l(exit.o)
    0x08001aa6   0x08001aa6   0x0000000a   Code   RO         9111    .text               c_w.l(defsig_exit.o)
    0x08001ab0   0x08001ab0   0x00000050   Code   RO         9117    .text               c_w.l(defsig_rtmem_inner.o)
    0x08001b00   0x08001b00   0x0000000c   Code   RO         9133    .text               c_w.l(sys_exit.o)
    0x08001b0c   0x08001b0c   0x00000032   Code   RO         9146    .text               c_w.l(defsig_general.o)
    0x08001b3e   0x08001b3e   0x0000000e   Code   RO         9168    .text               c_w.l(sys_wrch.o)
    0x08001b4c   0x08001b4c   0x0000003e   Code   RO         9084    CL$$btod_d2e        c_w.l(btod.o)
    0x08001b8a   0x08001b8a   0x00000046   Code   RO         9086    CL$$btod_d2e_denorm_low  c_w.l(btod.o)
    0x08001bd0   0x08001bd0   0x00000060   Code   RO         9085    CL$$btod_d2e_norm_op1  c_w.l(btod.o)
    0x08001c30   0x08001c30   0x00000338   Code   RO         9094    CL$$btod_div_common  c_w.l(btod.o)
    0x08001f68   0x08001f68   0x000000dc   Code   RO         9091    CL$$btod_e2e        c_w.l(btod.o)
    0x08002044   0x08002044   0x0000002a   Code   RO         9088    CL$$btod_ediv       c_w.l(btod.o)
    0x0800206e   0x0800206e   0x0000002a   Code   RO         9087    CL$$btod_emul       c_w.l(btod.o)
    0x08002098   0x08002098   0x00000244   Code   RO         9093    CL$$btod_mult_common  c_w.l(btod.o)
    0x080022dc   0x080022dc   0x0000010c   Code   RO         7038    CODE                os_cpu_a.o
    0x080023e8   0x080023e8   0x00000010   Code   RO         6350    i.CPU_Init          cpu_core.o
    0x080023f8   0x080023f8   0x00000084   Code   RO         6351    i.CPU_IntDisMeasInit  cpu_core.o
    0x0800247c   0x0800247c   0x0000001c   Code   RO         6352    i.CPU_IntDisMeasMaxCalc  cpu_core.o
    0x08002498   0x08002498   0x0000002c   Code   RO         6353    i.CPU_IntDisMeasMaxCurGet  cpu_core.o
    0x080024c4   0x080024c4   0x0000002c   Code   RO         6354    i.CPU_IntDisMeasMaxCurReset  cpu_core.o
    0x080024f0   0x080024f0   0x0000002c   Code   RO         6355    i.CPU_IntDisMeasMaxGet  cpu_core.o
    0x0800251c   0x0800251c   0x00000034   Code   RO         6356    i.CPU_IntDisMeasStart  cpu_core.o
    0x08002550   0x08002550   0x00000054   Code   RO         6357    i.CPU_IntDisMeasStop  cpu_core.o
    0x080025a4   0x080025a4   0x00000038   Code   RO         6358    i.CPU_NameClr       cpu_core.o
    0x080025dc   0x080025dc   0x00000008   Code   RO         6360    i.CPU_NameInit      cpu_core.o
    0x080025e4   0x080025e4   0x00000004   Code   RO         6363    i.CPU_SW_Exception  cpu_core.o
    0x080025e8   0x080025e8   0x00000014   Code   RO         6365    i.CPU_TS_Init       cpu_core.o
    0x080025fc   0x080025fc   0x0000000c   Code   RO         6367    i.CPU_TS_TmrFreqSet  cpu_core.o
    0x08002608   0x08002608   0x00000034   Code   RO          490    i.CPU_TS_TmrInit    sys_cfg.o
    0x0800263c   0x0800263c   0x0000000c   Code   RO          491    i.CPU_TS_TmrRd      sys_cfg.o
    0x08002648   0x08002648   0x00000034   Code   RO         2508    i.DMA_ClearITPendingBit  stm32f4xx_dma.o
    0x0800267c   0x0800267c   0x00000016   Code   RO         2509    i.DMA_Cmd           stm32f4xx_dma.o
    0x08002692   0x08002692   0x00000002   PAD
    0x08002694   0x08002694   0x00000158   Code   RO         2510    i.DMA_DeInit        stm32f4xx_dma.o
    0x080027ec   0x080027ec   0x00000064   Code   RO         2519    i.DMA_GetITStatus   stm32f4xx_dma.o
    0x08002850   0x08002850   0x0000003a   Code   RO         2520    i.DMA_ITConfig      stm32f4xx_dma.o
    0x0800288a   0x0800288a   0x00000002   PAD
    0x0800288c   0x0800288c   0x00000058   Code   RO         2521    i.DMA_Init          stm32f4xx_dma.o
    0x080028e4   0x080028e4   0x0000000a   Code   RO         2522    i.DMA_MemoryTargetConfig  stm32f4xx_dma.o
    0x080028ee   0x080028ee   0x00000004   Code   RO         2524    i.DMA_SetCurrDataCounter  stm32f4xx_dma.o
    0x080028f2   0x080028f2   0x0000002a   Code   RO         8432    i.DRV_HDC_GetDeviceID  drv_hdc1080.o
    0x0800291c   0x0800291c   0x0000002a   Code   RO         8433    i.DRV_HDC_GetManufacturerID  drv_hdc1080.o
    0x08002946   0x08002946   0x0000007c   Code   RO         8434    i.DRV_HDC_Init      drv_hdc1080.o
    0x080029c2   0x080029c2   0x00000002   PAD
    0x080029c4   0x080029c4   0x000000dc   Code   RO         8435    i.DRV_HDC_Measure   drv_hdc1080.o
    0x08002aa0   0x08002aa0   0x00000442   Code   RO         8367    i.DRV_I2C_GeneralIntHandler  drv_i2c_stm32f4xx.o
    0x08002ee2   0x08002ee2   0x00000002   PAD
    0x08002ee4   0x08002ee4   0x00000694   Code   RO         8368    i.DRV_I2C_Open      drv_i2c_stm32f4xx.o
    0x08003578   0x08003578   0x000000b0   Code   RO         8369    i.DRV_I2C_Read      drv_i2c_stm32f4xx.o
    0x08003628   0x08003628   0x000000b8   Code   RO         8371    i.DRV_I2C_Write     drv_i2c_stm32f4xx.o
    0x080036e0   0x080036e0   0x000000a2   Code   RO         8488    i.DRV_MSA_IRQHandler  drv_msa300.o
    0x08003782   0x08003782   0x00000154   Code   RO         8489    i.DRV_MSA_Init      drv_msa300.o
    0x080038d6   0x080038d6   0x00000002   PAD
    0x080038d8   0x080038d8   0x00000094   Code   RO         8490    i.DRV_MSA_ReadAcceleration  drv_msa300.o
    0x0800396c   0x0800396c   0x0000001a   Code   RO         8491    i.DRV_MSA_SensitivitySet  drv_msa300.o
    0x08003986   0x08003986   0x00000002   PAD
    0x08003988   0x08003988   0x00000130   Code   RO         8178    i.DRV_SDR_Init      drv_sdram_stm32f4xx.o
    0x08003ab8   0x08003ab8   0x000001a2   Code   RO         8269    i.DRV_SPI_GeneralDMAIntHandler  drv_spi_stm32f4xx.o
    0x08003c5a   0x08003c5a   0x00000086   Code   RO         8263    i.DRV_SPI_GeneralIntHandler  drv_spi_stm32f4xx.o
    0x08003ce0   0x08003ce0   0x00000f50   Code   RO         8206    i.DRV_SPI_Open      drv_spi_stm32f4xx.o
    0x08004c30   0x08004c30   0x000001d8   Code   RO         8207    i.DRV_SPI_Read      drv_spi_stm32f4xx.o
    0x08004e08   0x08004e08   0x000001c8   Code   RO         8208    i.DRV_SPI_Write     drv_spi_stm32f4xx.o
    0x08004fd0   0x08004fd0   0x00000094   Code   RO         8339    i.DRV_UART_GeneralIntHandler  drv_uart_stm32f4xx.o
    0x08005064   0x08005064   0x00000770   Code   RO         8287    i.DRV_UART_Open     drv_uart_stm32f4xx.o
    0x080057d4   0x080057d4   0x000000e2   Code   RO         8288    i.DRV_UART_Read     drv_uart_stm32f4xx.o
    0x080058b6   0x080058b6   0x0000010a   Code   RO         8289    i.DRV_UART_Write    drv_uart_stm32f4xx.o
    0x080059c0   0x080059c0   0x00000084   Code   RO         8600    i.DRV_W25Q_Open     drv_w25q.o
    0x08005a44   0x08005a44   0x00000088   Code   RO         8602    i.DRV_W25Q_Read     drv_w25q.o
    0x08005acc   0x08005acc   0x00000164   Code   RO         8606    i.DRV_W25Q_Write    drv_w25q.o
    0x08005c30   0x08005c30   0x0000001c   Code   RO         1341    i.EGC_CTL_SPIDMAIntHandler  egc_ctl.o
    0x08005c4c   0x08005c4c   0x0000001c   Code   RO         1342    i.EGC_CTL_SPIIntHandler  egc_ctl.o
    0x08005c68   0x08005c68   0x000000fc   Code   RO         1343    i.EGC_CTL_Task      egc_ctl.o
    0x08005d64   0x08005d64   0x00000010   Code   RO         1191    i.EGC_ESP_ESP32UARTIntHandler  egc_esp.o
    0x08005d74   0x08005d74   0x000000d0   Code   RO         1192    i.EGC_ESP_Task      egc_esp.o
    0x08005e44   0x08005e44   0x00000050   Code   RO         1447    i.EGC_HST_Task      egc_hst.o
    0x08005e94   0x08005e94   0x00000010   Code   RO         1448    i.EGC_HST_UARTInterruptHandler  egc_hst.o
    0x08005ea4   0x08005ea4   0x00000010   Code   RO          231    i.EGC_LG1_SPIDMAIntHandler  egc_lg1.o
    0x08005eb4   0x08005eb4   0x00000010   Code   RO          232    i.EGC_LG1_SPIIntHandler  egc_lg1.o
    0x08005ec4   0x08005ec4   0x0000018c   Code   RO          233    i.EGC_LG1_Task      egc_lg1.o
    0x08006050   0x08006050   0x00000010   Code   RO          383    i.EGC_LG2_SPIDMAIntHandler  egc_lg2.o
    0x08006060   0x08006060   0x00000010   Code   RO          384    i.EGC_LG2_SPIIntHandler  egc_lg2.o
    0x08006070   0x08006070   0x00000174   Code   RO          385    i.EGC_LG2_Task      egc_lg2.o
    0x080061e4   0x080061e4   0x00000010   Code   RO         1135    i.EGC_MSR_I2CIntHandler  egc_msr.o
    0x080061f4   0x080061f4   0x0000001c   Code   RO         1136    i.EGC_MSR_MSA300EXTIIntHandler  egc_msr.o
    0x08006210   0x08006210   0x000000cc   Code   RO         1137    i.EGC_MSR_Task      egc_msr.o
    0x080062dc   0x080062dc   0x0000000c   Code   RO         2772    i.EXTI_ClearITPendingBit  stm32f4xx_exti.o
    0x080062e8   0x080062e8   0x00000094   Code   RO         2777    i.EXTI_Init         stm32f4xx_exti.o
    0x0800637c   0x0800637c   0x00000024   Code   RO         2830    i.FLASH_DataCacheCmd  stm32f4xx_flash.o
    0x080063a0   0x080063a0   0x00000024   Code   RO         2839    i.FLASH_InstructionCacheCmd  stm32f4xx_flash.o
    0x080063c4   0x080063c4   0x00000024   Code   RO         2861    i.FLASH_PrefetchBufferCmd  stm32f4xx_flash.o
    0x080063e8   0x080063e8   0x0000000c   Code   RO         2866    i.FLASH_SetLatency  stm32f4xx_flash.o
    0x080063f4   0x080063f4   0x00000048   Code   RO         3107    i.FMC_GetFlagStatus  stm32f4xx_fmc.o
    0x0800643c   0x0800643c   0x00000020   Code   RO         3124    i.FMC_SDRAMCmdConfig  stm32f4xx_fmc.o
    0x0800645c   0x0800645c   0x00000144   Code   RO         3126    i.FMC_SDRAMInit     stm32f4xx_fmc.o
    0x080065a0   0x080065a0   0x00000018   Code   RO         3130    i.FMC_SetRefreshCount  stm32f4xx_fmc.o
    0x080065b8   0x080065b8   0x00000090   Code   RO         3293    i.GPIO_Init         stm32f4xx_gpio.o
    0x08006648   0x08006648   0x00000046   Code   RO         3294    i.GPIO_PinAFConfig  stm32f4xx_gpio.o
    0x0800668e   0x0800668e   0x00000004   Code   RO         3300    i.GPIO_ResetBits    stm32f4xx_gpio.o
    0x08006692   0x08006692   0x00000004   Code   RO         3301    i.GPIO_SetBits      stm32f4xx_gpio.o
    0x08006696   0x08006696   0x00000018   Code   RO         3549    i.I2C_AcknowledgeConfig  stm32f4xx_i2c.o
    0x080066ae   0x080066ae   0x00000018   Code   RO         3563    i.I2C_GenerateSTART  stm32f4xx_i2c.o
    0x080066c6   0x080066c6   0x00000018   Code   RO         3564    i.I2C_GenerateSTOP  stm32f4xx_i2c.o
    0x080066de   0x080066de   0x0000003a   Code   RO         3565    i.I2C_GetFlagStatus  stm32f4xx_i2c.o
    0x08006718   0x08006718   0x00000026   Code   RO         3566    i.I2C_GetITStatus   stm32f4xx_i2c.o
    0x0800673e   0x0800673e   0x0000001a   Code   RO         3567    i.I2C_GetLastEvent  stm32f4xx_i2c.o
    0x08006758   0x08006758   0x00000012   Code   RO         3569    i.I2C_ITConfig      stm32f4xx_i2c.o
    0x0800676a   0x0800676a   0x00000002   PAD
    0x0800676c   0x0800676c   0x000000e8   Code   RO         3570    i.I2C_Init          stm32f4xx_i2c.o
    0x08006854   0x08006854   0x0000001c   Code   RO         3573    i.I2C_PECPositionConfig  stm32f4xx_i2c.o
    0x08006870   0x08006870   0x00000008   Code   RO         3575    i.I2C_ReceiveData   stm32f4xx_i2c.o
    0x08006878   0x08006878   0x00000010   Code   RO         3577    i.I2C_Send7bitAddress  stm32f4xx_i2c.o
    0x08006888   0x08006888   0x00000004   Code   RO         3578    i.I2C_SendData      stm32f4xx_i2c.o
    0x0800688c   0x0800688c   0x0000000a   Code   RO         6670    i.Math_Init         lib_math.o
    0x08006896   0x08006896   0x00000002   PAD
    0x08006898   0x08006898   0x00000034   Code   RO         6673    i.Math_RandSetSeed  lib_math.o
    0x080068cc   0x080068cc   0x00000012   Code   RO         6706    i.Mem_Clr           lib_mem.o
    0x080068de   0x080068de   0x00000002   PAD
    0x080068e0   0x080068e0   0x00000048   Code   RO         6716    i.Mem_Init          lib_mem.o
    0x08006928   0x08006928   0x00000052   Code   RO         6729    i.Mem_SegCreate     lib_mem.o
    0x0800697a   0x0800697a   0x00000002   PAD
    0x0800697c   0x0800697c   0x00000020   Code   RO         6730    i.Mem_SegCreateCritical  lib_mem.o
    0x0800699c   0x0800699c   0x00000054   Code   RO         6733    i.Mem_Set           lib_mem.o
    0x080069f0   0x080069f0   0x00000016   Code   RO         8210    i.NVIC_EnableIRQ    drv_spi_stm32f4xx.o
    0x08006a06   0x08006a06   0x00000002   PAD
    0x08006a08   0x08006a08   0x00000078   Code   RO         1538    i.NVIC_Init         misc.o
    0x08006a80   0x08006a80   0x00000002   Code   RO         7126    i.OSCfg_Init        os_cfg_app.o
    0x08006a82   0x08006a82   0x00000002   PAD
    0x08006a84   0x08006a84   0x00000014   Code   RO         7041    i.OSIdleTaskHook    os_cpu_c.o
    0x08006a98   0x08006a98   0x0000014c   Code   RO         7149    i.OSInit            os_core.o
    0x08006be4   0x08006be4   0x00000028   Code   RO         7042    i.OSInitHook        os_cpu_c.o
    0x08006c0c   0x08006c0c   0x0000002c   Code   RO         7150    i.OSIntEnter        os_core.o
    0x08006c38   0x08006c38   0x000000dc   Code   RO         7151    i.OSIntExit         os_core.o
    0x08006d14   0x08006d14   0x0000006c   Code   RO         7548    i.OSMutexCreate     os_mutex.o
    0x08006d80   0x08006d80   0x000001ec   Code   RO         7549    i.OSMutexPend       os_mutex.o
    0x08006f6c   0x08006f6c   0x0000017c   Code   RO         7550    i.OSMutexPost       os_mutex.o
    0x080070e8   0x080070e8   0x000000a4   Code   RO         7152    i.OSSched           os_core.o
    0x0800718c   0x0800718c   0x00000064   Code   RO         7153    i.OSSchedLock       os_core.o
    0x080071f0   0x080071f0   0x00000088   Code   RO         7154    i.OSSchedUnlock     os_core.o
    0x08007278   0x08007278   0x00000068   Code   RO         7657    i.OSSemCreate       os_sem.o
    0x080072e0   0x080072e0   0x00000114   Code   RO         7658    i.OSSemDel          os_sem.o
    0x080073f4   0x080073f4   0x00000188   Code   RO         7659    i.OSSemPend         os_sem.o
    0x0800757c   0x0800757c   0x0000003c   Code   RO         7661    i.OSSemPost         os_sem.o
    0x080075b8   0x080075b8   0x00000068   Code   RO         7155    i.OSStart           os_core.o
    0x08007620   0x08007620   0x00000148   Code   RO         7801    i.OSStatReset       os_stat.o
    0x08007768   0x08007768   0x00000014   Code   RO         7043    i.OSStatTaskHook    os_cpu_c.o
    0x0800777c   0x0800777c   0x00000144   Code   RO         7832    i.OSTaskCreate      os_task.o
    0x080078c0   0x080078c0   0x00000018   Code   RO         7044    i.OSTaskCreateHook  os_cpu_c.o
    0x080078d8   0x080078d8   0x0000019c   Code   RO         7833    i.OSTaskDel         os_task.o
    0x08007a74   0x08007a74   0x00000018   Code   RO         7045    i.OSTaskDelHook     os_cpu_c.o
    0x08007a8c   0x08007a8c   0x00000018   Code   RO         7046    i.OSTaskReturnHook  os_cpu_c.o
    0x08007aa4   0x08007aa4   0x000001c8   Code   RO         7841    i.OSTaskSemPend     os_task.o
    0x08007c6c   0x08007c6c   0x00000024   Code   RO         7843    i.OSTaskSemPost     os_task.o
    0x08007c90   0x08007c90   0x000000bc   Code   RO         7845    i.OSTaskStkChk      os_task.o
    0x08007d4c   0x08007d4c   0x000002c4   Code   RO         7047    i.OSTaskStkInit     os_cpu_c.o
    0x08008010   0x08008010   0x000000ac   Code   RO         7048    i.OSTaskSwHook      os_cpu_c.o
    0x080080bc   0x080080bc   0x000000b0   Code   RO         8039    i.OSTimeDly         os_time.o
    0x0800816c   0x0800816c   0x00000114   Code   RO         8040    i.OSTimeDlyHMSM     os_time.o
    0x08008280   0x08008280   0x00000044   Code   RO         8043    i.OSTimeTick        os_time.o
    0x080082c4   0x080082c4   0x00000014   Code   RO         7049    i.OSTimeTickHook    os_cpu_c.o
    0x080082d8   0x080082d8   0x00000040   Code   RO         7050    i.OS_CPU_SysTickHandler  os_cpu_c.o
    0x08008318   0x08008318   0x00000030   Code   RO         7051    i.OS_CPU_SysTickInit  os_cpu_c.o
    0x08008348   0x08008348   0x000001a8   Code   RO         7353    i.OS_Dbg_Init       os_dbg.o
    0x080084f0   0x080084f0   0x00000018   Code   RO         7376    i.OS_FlagInit       os_flag.o
    0x08008508   0x08008508   0x0000004c   Code   RO         7157    i.OS_IdleTask       os_core.o
    0x08008554   0x08008554   0x00000070   Code   RO         7158    i.OS_IdleTaskInit   os_core.o
    0x080085c4   0x080085c4   0x00000018   Code   RO         7450    i.OS_MemInit        os_mem.o
    0x080085dc   0x080085dc   0x0000005c   Code   RO         7482    i.OS_MsgPoolInit    os_msg.o
    0x08008638   0x08008638   0x00000044   Code   RO         7483    i.OS_MsgQFreeAll    os_msg.o
    0x0800867c   0x0800867c   0x0000000e   Code   RO         7485    i.OS_MsgQInit       os_msg.o
    0x0800868a   0x0800868a   0x00000002   PAD
    0x0800868c   0x0800868c   0x00000030   Code   RO         7552    i.OS_MutexDbgListAdd  os_mutex.o
    0x080086bc   0x080086bc   0x00000008   Code   RO         7554    i.OS_MutexGrpAdd    os_mutex.o
    0x080086c4   0x080086c4   0x00000060   Code   RO         7555    i.OS_MutexGrpPostAll  os_mutex.o
    0x08008724   0x08008724   0x0000002c   Code   RO         7556    i.OS_MutexGrpPrioFindHighest  os_mutex.o
    0x08008750   0x08008750   0x0000001c   Code   RO         7557    i.OS_MutexGrpRemove  os_mutex.o
    0x0800876c   0x0800876c   0x00000018   Code   RO         7558    i.OS_MutexInit      os_mutex.o
    0x08008784   0x08008784   0x00000068   Code   RO         7159    i.OS_Pend           os_core.o
    0x080087ec   0x080087ec   0x00000028   Code   RO         7162    i.OS_PendDataInit   os_core.o
    0x08008814   0x08008814   0x0000005c   Code   RO         7163    i.OS_PendDbgNameAdd  os_core.o
    0x08008870   0x08008870   0x00000024   Code   RO         7164    i.OS_PendDbgNameRemove  os_core.o
    0x08008894   0x08008894   0x0000003a   Code   RO         7165    i.OS_PendListChangePrio  os_core.o
    0x080088ce   0x080088ce   0x0000000a   Code   RO         7166    i.OS_PendListInit   os_core.o
    0x080088d8   0x080088d8   0x00000066   Code   RO         7168    i.OS_PendListInsertPrio  os_core.o
    0x0800893e   0x0800893e   0x00000034   Code   RO         7169    i.OS_PendListRemove  os_core.o
    0x08008972   0x08008972   0x00000042   Code   RO         7170    i.OS_PendListRemove1  os_core.o
    0x080089b4   0x080089b4   0x000000b8   Code   RO         7171    i.OS_PendObjDel     os_core.o
    0x08008a6c   0x08008a6c   0x00000026   Code   RO         7172    i.OS_PendObjDel1    os_core.o
    0x08008a92   0x08008a92   0x000000d6   Code   RO         7173    i.OS_Post           os_core.o
    0x08008b68   0x08008b68   0x0000002c   Code   RO         7174    i.OS_Post1          os_core.o
    0x08008b94   0x08008b94   0x00000028   Code   RO         7620    i.OS_PrioGetHighest  os_prio.o
    0x08008bbc   0x08008bbc   0x00000018   Code   RO         7621    i.OS_PrioInit       os_prio.o
    0x08008bd4   0x08008bd4   0x00000024   Code   RO         7622    i.OS_PrioInsert     os_prio.o
    0x08008bf8   0x08008bf8   0x00000024   Code   RO         7623    i.OS_PrioRemove     os_prio.o
    0x08008c1c   0x08008c1c   0x00000018   Code   RO         7738    i.OS_QInit          os_q.o
    0x08008c34   0x08008c34   0x00000024   Code   RO         7175    i.OS_RdyListInit    os_core.o
    0x08008c58   0x08008c58   0x0000002c   Code   RO         7176    i.OS_RdyListInsert  os_core.o
    0x08008c84   0x08008c84   0x00000040   Code   RO         7177    i.OS_RdyListInsertHead  os_core.o
    0x08008cc4   0x08008cc4   0x0000003c   Code   RO         7178    i.OS_RdyListInsertTail  os_core.o
    0x08008d00   0x08008d00   0x0000005c   Code   RO         7180    i.OS_RdyListRemove  os_core.o
    0x08008d5c   0x08008d5c   0x00000028   Code   RO         7663    i.OS_SemClr         os_sem.o
    0x08008d84   0x08008d84   0x00000030   Code   RO         7664    i.OS_SemDbgListAdd  os_sem.o
    0x08008db4   0x08008db4   0x00000030   Code   RO         7665    i.OS_SemDbgListRemove  os_sem.o
    0x08008de4   0x08008de4   0x00000018   Code   RO         7666    i.OS_SemInit        os_sem.o
    0x08008dfc   0x08008dfc   0x0000013e   Code   RO         7667    i.OS_SemPost        os_sem.o
    0x08008f3a   0x08008f3a   0x00000002   PAD
    0x08008f3c   0x08008f3c   0x00000324   Code   RO         7803    i.OS_StatTask       os_stat.o
    0x08009260   0x08009260   0x000000cc   Code   RO         7804    i.OS_StatTaskInit   os_stat.o
    0x0800932c   0x0800932c   0x0000002c   Code   RO         7181    i.OS_TaskBlock      os_core.o
    0x08009358   0x08009358   0x000000ec   Code   RO         7847    i.OS_TaskChangePrio  os_task.o
    0x08009444   0x08009444   0x00000030   Code   RO         7848    i.OS_TaskDbgListAdd  os_task.o
    0x08009474   0x08009474   0x00000044   Code   RO         7849    i.OS_TaskDbgListRemove  os_task.o
    0x080094b8   0x080094b8   0x00000020   Code   RO         7850    i.OS_TaskInit       os_task.o
    0x080094d8   0x080094d8   0x000000c4   Code   RO         7851    i.OS_TaskInitTCB    os_task.o
    0x0800959c   0x0800959c   0x00000018   Code   RO         7854    i.OS_TaskReturn     os_task.o
    0x080095b4   0x080095b4   0x000001f0   Code   RO         7855    i.OS_TaskSemPost    os_task.o
    0x080097a4   0x080097a4   0x00000086   Code   RO         7993    i.OS_TickListInsert  os_tick.o
    0x0800982a   0x0800982a   0x00000002   PAD
    0x0800982c   0x0800982c   0x000000bc   Code   RO         7994    i.OS_TickListInsertDly  os_tick.o
    0x080098e8   0x080098e8   0x00000058   Code   RO         7995    i.OS_TickListRemove  os_tick.o
    0x08009940   0x08009940   0x000000a0   Code   RO         7996    i.OS_TickListUpdateDly  os_tick.o
    0x080099e0   0x080099e0   0x0000011c   Code   RO         7997    i.OS_TickListUpdateTimeout  os_tick.o
    0x08009afc   0x08009afc   0x0000006c   Code   RO         7998    i.OS_TickTask       os_tick.o
    0x08009b68   0x08009b68   0x000000c8   Code   RO         7999    i.OS_TickTaskInit   os_tick.o
    0x08009c30   0x08009c30   0x00000134   Code   RO         8084    i.OS_TmrInit        os_tmr.o
    0x08009d64   0x08009d64   0x00000018   Code   RO         8085    i.OS_TmrLock        os_tmr.o
    0x08009d7c   0x08009d7c   0x00000094   Code   RO         8086    i.OS_TmrTask        os_tmr.o
    0x08009e10   0x08009e10   0x00000044   Code   RO         8087    i.OS_TmrUnlink      os_tmr.o
    0x08009e54   0x08009e54   0x00000014   Code   RO         8088    i.OS_TmrUnlock      os_tmr.o
    0x08009e68   0x08009e68   0x0000000c   Code   RO         4020    i.PWR_BackupAccessCmd  stm32f4xx_pwr.o
    0x08009e74   0x08009e74   0x00000020   Code   RO         4151    i.RCC_AHB1PeriphClockCmd  stm32f4xx_rcc.o
    0x08009e94   0x08009e94   0x00000020   Code   RO         4157    i.RCC_AHB3PeriphClockCmd  stm32f4xx_rcc.o
    0x08009eb4   0x08009eb4   0x00000020   Code   RO         4160    i.RCC_APB1PeriphClockCmd  stm32f4xx_rcc.o
    0x08009ed4   0x08009ed4   0x00000020   Code   RO         4162    i.RCC_APB1PeriphResetCmd  stm32f4xx_rcc.o
    0x08009ef4   0x08009ef4   0x00000020   Code   RO         4163    i.RCC_APB2PeriphClockCmd  stm32f4xx_rcc.o
    0x08009f14   0x08009f14   0x00000020   Code   RO         4165    i.RCC_APB2PeriphResetCmd  stm32f4xx_rcc.o
    0x08009f34   0x08009f34   0x00000064   Code   RO         4171    i.RCC_DeInit        stm32f4xx_rcc.o
    0x08009f98   0x08009f98   0x000000e8   Code   RO         4172    i.RCC_GetClocksFreq  stm32f4xx_rcc.o
    0x0800a080   0x0800a080   0x00000040   Code   RO         4173    i.RCC_GetFlagStatus  stm32f4xx_rcc.o
    0x0800a0c0   0x0800a0c0   0x00000010   Code   RO         4175    i.RCC_GetSYSCLKSource  stm32f4xx_rcc.o
    0x0800a0d0   0x0800a0d0   0x00000018   Code   RO         4176    i.RCC_HCLKConfig    stm32f4xx_rcc.o
    0x0800a0e8   0x0800a0e8   0x00000010   Code   RO         4177    i.RCC_HSEConfig     stm32f4xx_rcc.o
    0x0800a0f8   0x0800a0f8   0x0000002c   Code   RO         4181    i.RCC_LSEConfig     stm32f4xx_rcc.o
    0x0800a124   0x0800a124   0x00000018   Code   RO         4187    i.RCC_PCLK1Config   stm32f4xx_rcc.o
    0x0800a13c   0x0800a13c   0x00000018   Code   RO         4188    i.RCC_PCLK2Config   stm32f4xx_rcc.o
    0x0800a154   0x0800a154   0x0000000c   Code   RO         4189    i.RCC_PLLCmd        stm32f4xx_rcc.o
    0x0800a160   0x0800a160   0x00000024   Code   RO         4190    i.RCC_PLLConfig     stm32f4xx_rcc.o
    0x0800a184   0x0800a184   0x0000000c   Code   RO         4195    i.RCC_RTCCLKCmd     stm32f4xx_rcc.o
    0x0800a190   0x0800a190   0x0000003c   Code   RO         4196    i.RCC_RTCCLKConfig  stm32f4xx_rcc.o
    0x0800a1cc   0x0800a1cc   0x00000018   Code   RO         4201    i.RCC_SYSCLKConfig  stm32f4xx_rcc.o
    0x0800a1e4   0x0800a1e4   0x00000038   Code   RO         4203    i.RCC_WaitForHSEStartUp  stm32f4xx_rcc.o
    0x0800a21c   0x0800a21c   0x00000016   Code   RO         4542    i.RTC_Bcd2ToByte    stm32f4xx_rtc.o
    0x0800a232   0x0800a232   0x0000001c   Code   RO         4544    i.RTC_ByteToBcd2    stm32f4xx_rtc.o
    0x0800a24e   0x0800a24e   0x00000002   PAD
    0x0800a250   0x0800a250   0x00000050   Code   RO         4554    i.RTC_EnterInitMode  stm32f4xx_rtc.o
    0x0800a2a0   0x0800a2a0   0x00000014   Code   RO         4555    i.RTC_ExitInitMode  stm32f4xx_rtc.o
    0x0800a2b4   0x0800a2b4   0x0000004c   Code   RO         4558    i.RTC_GetDate       stm32f4xx_rtc.o
    0x0800a300   0x0800a300   0x00000050   Code   RO         4563    i.RTC_GetTime       stm32f4xx_rtc.o
    0x0800a350   0x0800a350   0x00000064   Code   RO         4568    i.RTC_Init          stm32f4xx_rtc.o
    0x0800a3b4   0x0800a3b4   0x00000020   Code   RO         4571    i.RTC_ReadBackupRegister  stm32f4xx_rtc.o
    0x0800a3d4   0x0800a3d4   0x000000c8   Code   RO         4574    i.RTC_SetDate       stm32f4xx_rtc.o
    0x0800a49c   0x0800a49c   0x000000d0   Code   RO         4575    i.RTC_SetTime       stm32f4xx_rtc.o
    0x0800a56c   0x0800a56c   0x00000060   Code   RO         4591    i.RTC_WaitForSynchro  stm32f4xx_rtc.o
    0x0800a5cc   0x0800a5cc   0x0000001c   Code   RO         4594    i.RTC_WriteBackupRegister  stm32f4xx_rtc.o
    0x0800a5e8   0x0800a5e8   0x00000018   Code   RO         5261    i.SPI_Cmd           stm32f4xx_spi.o
    0x0800a600   0x0800a600   0x00000012   Code   RO         5267    i.SPI_I2S_DMACmd    stm32f4xx_spi.o
    0x0800a612   0x0800a612   0x00000012   Code   RO         5269    i.SPI_I2S_GetFlagStatus  stm32f4xx_spi.o
    0x0800a624   0x0800a624   0x00000034   Code   RO         5270    i.SPI_I2S_GetITStatus  stm32f4xx_spi.o
    0x0800a658   0x0800a658   0x00000020   Code   RO         5271    i.SPI_I2S_ITConfig  stm32f4xx_spi.o
    0x0800a678   0x0800a678   0x00000006   Code   RO         5272    i.SPI_I2S_ReceiveData  stm32f4xx_spi.o
    0x0800a67e   0x0800a67e   0x00000004   Code   RO         5273    i.SPI_I2S_SendData  stm32f4xx_spi.o
    0x0800a682   0x0800a682   0x0000003c   Code   RO         5274    i.SPI_Init          stm32f4xx_spi.o
    0x0800a6be   0x0800a6be   0x00000002   PAD
    0x0800a6c0   0x0800a6c0   0x00000040   Code   RO         5418    i.SYSCFG_EXTILineConfig  stm32f4xx_syscfg.o
    0x0800a700   0x0800a700   0x0000000a   Code   RO          545    i.SYS_IntHandlerADC  sys_interrupt.o
    0x0800a70a   0x0800a70a   0x0000000a   Code   RO          546    i.SYS_IntHandlerCAN1_RX0  sys_interrupt.o
    0x0800a714   0x0800a714   0x0000000a   Code   RO          547    i.SYS_IntHandlerCAN1_RX1  sys_interrupt.o
    0x0800a71e   0x0800a71e   0x0000000a   Code   RO          548    i.SYS_IntHandlerCAN1_SCE  sys_interrupt.o
    0x0800a728   0x0800a728   0x0000000a   Code   RO          549    i.SYS_IntHandlerCAN1_TX  sys_interrupt.o
    0x0800a732   0x0800a732   0x0000000a   Code   RO          550    i.SYS_IntHandlerCAN2_RX0  sys_interrupt.o
    0x0800a73c   0x0800a73c   0x0000000a   Code   RO          551    i.SYS_IntHandlerCAN2_RX1  sys_interrupt.o
    0x0800a746   0x0800a746   0x0000000a   Code   RO          552    i.SYS_IntHandlerCAN2_SCE  sys_interrupt.o
    0x0800a750   0x0800a750   0x0000000a   Code   RO          553    i.SYS_IntHandlerCAN2_TX  sys_interrupt.o
    0x0800a75a   0x0800a75a   0x0000000a   Code   RO          554    i.SYS_IntHandlerCRYP  sys_interrupt.o
    0x0800a764   0x0800a764   0x0000000a   Code   RO          555    i.SYS_IntHandlerDCMI  sys_interrupt.o
    0x0800a76e   0x0800a76e   0x0000000a   Code   RO          556    i.SYS_IntHandlerDMA1_CH0  sys_interrupt.o
    0x0800a778   0x0800a778   0x0000000a   Code   RO          557    i.SYS_IntHandlerDMA1_CH1  sys_interrupt.o
    0x0800a782   0x0800a782   0x0000000a   Code   RO          558    i.SYS_IntHandlerDMA1_CH2  sys_interrupt.o
    0x0800a78c   0x0800a78c   0x0000000a   Code   RO          559    i.SYS_IntHandlerDMA1_CH3  sys_interrupt.o
    0x0800a796   0x0800a796   0x0000000a   Code   RO          560    i.SYS_IntHandlerDMA1_CH4  sys_interrupt.o
    0x0800a7a0   0x0800a7a0   0x0000000a   Code   RO          561    i.SYS_IntHandlerDMA1_CH5  sys_interrupt.o
    0x0800a7aa   0x0800a7aa   0x0000000a   Code   RO          562    i.SYS_IntHandlerDMA1_CH6  sys_interrupt.o
    0x0800a7b4   0x0800a7b4   0x0000000a   Code   RO          563    i.SYS_IntHandlerDMA1_STREAM7  sys_interrupt.o
    0x0800a7be   0x0800a7be   0x0000000a   Code   RO          564    i.SYS_IntHandlerDMA2D  sys_interrupt.o
    0x0800a7c8   0x0800a7c8   0x0000000a   Code   RO          565    i.SYS_IntHandlerDMA2_CH0  sys_interrupt.o
    0x0800a7d2   0x0800a7d2   0x0000000a   Code   RO          566    i.SYS_IntHandlerDMA2_CH1  sys_interrupt.o
    0x0800a7dc   0x0800a7dc   0x0000000a   Code   RO          567    i.SYS_IntHandlerDMA2_CH2  sys_interrupt.o
    0x0800a7e6   0x0800a7e6   0x0000000a   Code   RO          568    i.SYS_IntHandlerDMA2_CH3  sys_interrupt.o
    0x0800a7f0   0x0800a7f0   0x0000000a   Code   RO          569    i.SYS_IntHandlerDMA2_CH4  sys_interrupt.o
    0x0800a7fa   0x0800a7fa   0x0000000a   Code   RO          570    i.SYS_IntHandlerDMA2_CH5  sys_interrupt.o
    0x0800a804   0x0800a804   0x0000000a   Code   RO          571    i.SYS_IntHandlerDMA2_CH6  sys_interrupt.o
    0x0800a80e   0x0800a80e   0x0000000a   Code   RO          572    i.SYS_IntHandlerDMA2_CH7  sys_interrupt.o
    0x0800a818   0x0800a818   0x0000000a   Code   RO          573    i.SYS_IntHandlerETH  sys_interrupt.o
    0x0800a822   0x0800a822   0x0000000a   Code   RO          574    i.SYS_IntHandlerETHWakeup  sys_interrupt.o
    0x0800a82c   0x0800a82c   0x0000000a   Code   RO          575    i.SYS_IntHandlerEXTI0  sys_interrupt.o
    0x0800a836   0x0800a836   0x0000000a   Code   RO          576    i.SYS_IntHandlerEXTI1  sys_interrupt.o
    0x0800a840   0x0800a840   0x0000000a   Code   RO          577    i.SYS_IntHandlerEXTI15_10  sys_interrupt.o
    0x0800a84a   0x0800a84a   0x0000000a   Code   RO          578    i.SYS_IntHandlerEXTI2  sys_interrupt.o
    0x0800a854   0x0800a854   0x0000000a   Code   RO          579    i.SYS_IntHandlerEXTI3  sys_interrupt.o
    0x0800a85e   0x0800a85e   0x0000000a   Code   RO          580    i.SYS_IntHandlerEXTI4  sys_interrupt.o
    0x0800a868   0x0800a868   0x0000000a   Code   RO          581    i.SYS_IntHandlerEXTI9_5  sys_interrupt.o
    0x0800a872   0x0800a872   0x0000000a   Code   RO          582    i.SYS_IntHandlerFLASH  sys_interrupt.o
    0x0800a87c   0x0800a87c   0x0000000a   Code   RO          583    i.SYS_IntHandlerFPU  sys_interrupt.o
    0x0800a886   0x0800a886   0x0000000a   Code   RO          584    i.SYS_IntHandlerFSMC  sys_interrupt.o
    0x0800a890   0x0800a890   0x0000000a   Code   RO          585    i.SYS_IntHandlerHASH_RNG  sys_interrupt.o
    0x0800a89a   0x0800a89a   0x0000000a   Code   RO          586    i.SYS_IntHandlerI2C1_ER  sys_interrupt.o
    0x0800a8a4   0x0800a8a4   0x0000000a   Code   RO          587    i.SYS_IntHandlerI2C1_EV  sys_interrupt.o
    0x0800a8ae   0x0800a8ae   0x0000000a   Code   RO          588    i.SYS_IntHandlerI2C2_ER  sys_interrupt.o
    0x0800a8b8   0x0800a8b8   0x0000000a   Code   RO          589    i.SYS_IntHandlerI2C2_EV  sys_interrupt.o
    0x0800a8c2   0x0800a8c2   0x0000000a   Code   RO          590    i.SYS_IntHandlerI2C3_ER  sys_interrupt.o
    0x0800a8cc   0x0800a8cc   0x0000000a   Code   RO          591    i.SYS_IntHandlerI2C3_EV  sys_interrupt.o
    0x0800a8d6   0x0800a8d6   0x0000000a   Code   RO          592    i.SYS_IntHandlerLTDC  sys_interrupt.o
    0x0800a8e0   0x0800a8e0   0x0000000a   Code   RO          593    i.SYS_IntHandlerLTDC_ER  sys_interrupt.o
    0x0800a8ea   0x0800a8ea   0x0000000a   Code   RO          594    i.SYS_IntHandlerOTG_FS  sys_interrupt.o
    0x0800a8f4   0x0800a8f4   0x0000000a   Code   RO          595    i.SYS_IntHandlerOTG_FS_WKUP  sys_interrupt.o
    0x0800a8fe   0x0800a8fe   0x0000000a   Code   RO          596    i.SYS_IntHandlerOTG_HS  sys_interrupt.o
    0x0800a908   0x0800a908   0x0000000a   Code   RO          597    i.SYS_IntHandlerOTG_HS_EP1_IN  sys_interrupt.o
    0x0800a912   0x0800a912   0x0000000a   Code   RO          598    i.SYS_IntHandlerOTG_HS_EP1_OUT  sys_interrupt.o
    0x0800a91c   0x0800a91c   0x0000000a   Code   RO          599    i.SYS_IntHandlerOTG_HS_WKUP  sys_interrupt.o
    0x0800a926   0x0800a926   0x0000000a   Code   RO          600    i.SYS_IntHandlerPVD  sys_interrupt.o
    0x0800a930   0x0800a930   0x0000000a   Code   RO          601    i.SYS_IntHandlerRCC  sys_interrupt.o
    0x0800a93a   0x0800a93a   0x0000000a   Code   RO          602    i.SYS_IntHandlerRTCAlarm  sys_interrupt.o
    0x0800a944   0x0800a944   0x0000000a   Code   RO          603    i.SYS_IntHandlerRTC_WKUP  sys_interrupt.o
    0x0800a94e   0x0800a94e   0x0000000a   Code   RO          604    i.SYS_IntHandlerSAI1  sys_interrupt.o
    0x0800a958   0x0800a958   0x0000000a   Code   RO          605    i.SYS_IntHandlerSDIO  sys_interrupt.o
    0x0800a962   0x0800a962   0x0000000a   Code   RO          606    i.SYS_IntHandlerSPI1  sys_interrupt.o
    0x0800a96c   0x0800a96c   0x0000000a   Code   RO          607    i.SYS_IntHandlerSPI2  sys_interrupt.o
    0x0800a976   0x0800a976   0x0000000a   Code   RO          608    i.SYS_IntHandlerSPI3  sys_interrupt.o
    0x0800a980   0x0800a980   0x0000000a   Code   RO          609    i.SYS_IntHandlerSPI4  sys_interrupt.o
    0x0800a98a   0x0800a98a   0x0000000a   Code   RO          610    i.SYS_IntHandlerSPI5  sys_interrupt.o
    0x0800a994   0x0800a994   0x0000000a   Code   RO          611    i.SYS_IntHandlerSPI6  sys_interrupt.o
    0x0800a99e   0x0800a99e   0x0000000a   Code   RO          612    i.SYS_IntHandlerTAMP_STAMP  sys_interrupt.o
    0x0800a9a8   0x0800a9a8   0x0000000a   Code   RO          613    i.SYS_IntHandlerTIM1_BRK_TIM9  sys_interrupt.o
    0x0800a9b2   0x0800a9b2   0x0000000a   Code   RO          614    i.SYS_IntHandlerTIM1_CC  sys_interrupt.o
    0x0800a9bc   0x0800a9bc   0x0000000a   Code   RO          615    i.SYS_IntHandlerTIM1_TRG_COM_TIM11  sys_interrupt.o
    0x0800a9c6   0x0800a9c6   0x0000000a   Code   RO          616    i.SYS_IntHandlerTIM1_UP_TIM10  sys_interrupt.o
    0x0800a9d0   0x0800a9d0   0x0000000a   Code   RO          617    i.SYS_IntHandlerTIM2  sys_interrupt.o
    0x0800a9da   0x0800a9da   0x0000000a   Code   RO          618    i.SYS_IntHandlerTIM3  sys_interrupt.o
    0x0800a9e4   0x0800a9e4   0x0000000a   Code   RO          619    i.SYS_IntHandlerTIM4  sys_interrupt.o
    0x0800a9ee   0x0800a9ee   0x0000000a   Code   RO          620    i.SYS_IntHandlerTIM5  sys_interrupt.o
    0x0800a9f8   0x0800a9f8   0x0000000a   Code   RO          621    i.SYS_IntHandlerTIM6_DAC  sys_interrupt.o
    0x0800aa02   0x0800aa02   0x0000000a   Code   RO          622    i.SYS_IntHandlerTIM7  sys_interrupt.o
    0x0800aa0c   0x0800aa0c   0x0000000a   Code   RO          623    i.SYS_IntHandlerTIM8_BRK_TIM12  sys_interrupt.o
    0x0800aa16   0x0800aa16   0x0000000a   Code   RO          624    i.SYS_IntHandlerTIM8_CC  sys_interrupt.o
    0x0800aa20   0x0800aa20   0x0000000a   Code   RO          625    i.SYS_IntHandlerTIM8_TRG_COM_TIM14  sys_interrupt.o
    0x0800aa2a   0x0800aa2a   0x0000000a   Code   RO          626    i.SYS_IntHandlerTIM8_UP_TIM13  sys_interrupt.o
    0x0800aa34   0x0800aa34   0x0000000a   Code   RO          627    i.SYS_IntHandlerUART7  sys_interrupt.o
    0x0800aa3e   0x0800aa3e   0x0000000a   Code   RO          628    i.SYS_IntHandlerUART8  sys_interrupt.o
    0x0800aa48   0x0800aa48   0x0000000a   Code   RO          629    i.SYS_IntHandlerUSART1  sys_interrupt.o
    0x0800aa52   0x0800aa52   0x0000000a   Code   RO          630    i.SYS_IntHandlerUSART2  sys_interrupt.o
    0x0800aa5c   0x0800aa5c   0x0000000a   Code   RO          631    i.SYS_IntHandlerUSART3  sys_interrupt.o
    0x0800aa66   0x0800aa66   0x0000000a   Code   RO          632    i.SYS_IntHandlerUSART4  sys_interrupt.o
    0x0800aa70   0x0800aa70   0x0000000a   Code   RO          633    i.SYS_IntHandlerUSART5  sys_interrupt.o
    0x0800aa7a   0x0800aa7a   0x0000000a   Code   RO          634    i.SYS_IntHandlerUSART6  sys_interrupt.o
    0x0800aa84   0x0800aa84   0x0000000a   Code   RO          635    i.SYS_IntHandlerWWDG  sys_interrupt.o
    0x0800aa8e   0x0800aa8e   0x00000010   Code   RO          492    i.SYS_SystemConfig  sys_cfg.o
    0x0800aa9e   0x0800aa9e   0x00000002   PAD
    0x0800aaa0   0x0800aaa0   0x00000020   Code   RO          493    i.SYS_SystemTickInit  sys_cfg.o
    0x0800aac0   0x0800aac0   0x00000018   Code   RO         5471    i.TIM_ARRPreloadConfig  stm32f4xx_tim.o
    0x0800aad8   0x0800aad8   0x00000018   Code   RO         5483    i.TIM_Cmd           stm32f4xx_tim.o
    0x0800aaf0   0x0800aaf0   0x00000012   Code   RO         5508    i.TIM_ITConfig      stm32f4xx_tim.o
    0x0800ab02   0x0800ab02   0x00000002   PAD
    0x0800ab04   0x0800ab04   0x0000007c   Code   RO         5512    i.TIM_OC1Init       stm32f4xx_tim.o
    0x0800ab80   0x0800ab80   0x000000a4   Code   RO         5517    i.TIM_OC2Init       stm32f4xx_tim.o
    0x0800ac24   0x0800ac24   0x000000a0   Code   RO         5522    i.TIM_OC3Init       stm32f4xx_tim.o
    0x0800acc4   0x0800acc4   0x00000078   Code   RO         5527    i.TIM_OC4Init       stm32f4xx_tim.o
    0x0800ad3c   0x0800ad3c   0x00000004   Code   RO         5545    i.TIM_SetCompare1   stm32f4xx_tim.o
    0x0800ad40   0x0800ad40   0x00000004   Code   RO         5546    i.TIM_SetCompare2   stm32f4xx_tim.o
    0x0800ad44   0x0800ad44   0x00000004   Code   RO         5547    i.TIM_SetCompare3   stm32f4xx_tim.o
    0x0800ad48   0x0800ad48   0x00000004   Code   RO         5548    i.TIM_SetCompare4   stm32f4xx_tim.o
    0x0800ad4c   0x0800ad4c   0x00000084   Code   RO         5555    i.TIM_TimeBaseInit  stm32f4xx_tim.o
    0x0800add0   0x0800add0   0x00000018   Code   RO         6029    i.USART_Cmd         stm32f4xx_usart.o
    0x0800ade8   0x0800ade8   0x000000f0   Code   RO         6031    i.USART_DeInit      stm32f4xx_usart.o
    0x0800aed8   0x0800aed8   0x00000054   Code   RO         6033    i.USART_GetITStatus  stm32f4xx_usart.o
    0x0800af2c   0x0800af2c   0x0000004a   Code   RO         6035    i.USART_ITConfig    stm32f4xx_usart.o
    0x0800af76   0x0800af76   0x00000002   PAD
    0x0800af78   0x0800af78   0x000000d4   Code   RO         6036    i.USART_Init        stm32f4xx_usart.o
    0x0800b04c   0x0800b04c   0x0000000a   Code   RO         6043    i.USART_ReceiveData  stm32f4xx_usart.o
    0x0800b056   0x0800b056   0x00000008   Code   RO         6046    i.USART_SendData    stm32f4xx_usart.o
    0x0800b05e   0x0800b05e   0x00000030   Code   RO         9131    i.__ARM_fpclassify  m_wm.l(fpclassify.o)
    0x0800b08e   0x0800b08e   0x0000001c   Code   RO         8291    i.__CalcBufFreeSize  drv_uart_stm32f4xx.o
    0x0800b0aa   0x0800b0aa   0x0000001a   Code   RO         8292    i.__CalcBufUsedSize  drv_uart_stm32f4xx.o
    0x0800b0c4   0x0800b0c4   0x00000030   Code   RO         8436    i.__DRV_HDC_I2C_Read  drv_hdc1080.o
    0x0800b0f4   0x0800b0f4   0x00000034   Code   RO         8437    i.__DRV_HDC_I2C_ReadWithDelay  drv_hdc1080.o
    0x0800b128   0x0800b128   0x00000028   Code   RO         8438    i.__DRV_HDC_I2C_Write  drv_hdc1080.o
    0x0800b150   0x0800b150   0x00000078   Code   RO         8372    i.__DRV_I2C_ReadPhase1  drv_i2c_stm32f4xx.o
    0x0800b1c8   0x0800b1c8   0x000000b8   Code   RO         8373    i.__DRV_I2C_ReadPhase2  drv_i2c_stm32f4xx.o
    0x0800b280   0x0800b280   0x0000001e   Code   RO         8374    i.__DRV_I2C_TailLeadZeros  drv_i2c_stm32f4xx.o
    0x0800b29e   0x0800b29e   0x00000002   PAD
    0x0800b2a0   0x0800b2a0   0x0000020c   Code   RO         8492    i.__DRV_MSA_EXTIConfig  drv_msa300.o
    0x0800b4ac   0x0800b4ac   0x0000012c   Code   RO         8493    i.__DRV_MSA_GPIOConfig  drv_msa300.o
    0x0800b5d8   0x0800b5d8   0x00000030   Code   RO         8495    i.__DRV_MSA_I2C_Read  drv_msa300.o
    0x0800b608   0x0800b608   0x00000028   Code   RO         8496    i.__DRV_MSA_I2C_Write  drv_msa300.o
    0x0800b630   0x0800b630   0x0000001e   Code   RO         8497    i.__DRV_MSA_TailLeadZeros  drv_msa300.o
    0x0800b64e   0x0800b64e   0x00000002   PAD
    0x0800b650   0x0800b650   0x00000560   Code   RO         8179    i.__DRV_SDR_GPIOConfig  drv_sdram_stm32f4xx.o
    0x0800bbb0   0x0800bbb0   0x00000022   Code   RO         8211    i.__DRV_SPI_Start   drv_spi_stm32f4xx.o
    0x0800bbd2   0x0800bbd2   0x0000002c   Code   RO         8212    i.__DRV_SPI_Stop    drv_spi_stm32f4xx.o
    0x0800bbfe   0x0800bbfe   0x0000001e   Code   RO         8213    i.__DRV_SPI_TailLeadZeros  drv_spi_stm32f4xx.o
    0x0800bc1c   0x0800bc1c   0x0000001e   Code   RO         8293    i.__DRV_UART_TailLeadZeros  drv_uart_stm32f4xx.o
    0x0800bc3a   0x0800bc3a   0x00000066   Code   RO         8608    i.__DRV_W25Q_EraseSector  drv_w25q.o
    0x0800bca0   0x0800bca0   0x00000096   Code   RO         8609    i.__DRV_W25Q_InternalRead  drv_w25q.o
    0x0800bd36   0x0800bd36   0x00000090   Code   RO         8610    i.__DRV_W25Q_ProgramPage  drv_w25q.o
    0x0800bdc6   0x0800bdc6   0x0000004a   Code   RO         8611    i.__DRV_W25Q_WaitNoBusy  drv_w25q.o
    0x0800be10   0x0800be10   0x00000020   Code   RO         8612    i.__DRV_W25Q_WriteEnable  drv_w25q.o
    0x0800be30   0x0800be30   0x0000009c   Code   RO         1344    i.__EGC_CTL_ConvertChar2BufAddr  egc_ctl.o
    0x0800becc   0x0800becc   0x00000068   Code   RO         1345    i.__EGC_CTL_DriveCount  egc_ctl.o
    0x0800bf34   0x0800bf34   0x000004fc   Code   RO         1346    i.__EGC_CTL_FormatUserConfig  egc_ctl.o
    0x0800c430   0x0800c430   0x000000a0   Code   RO         1347    i.__EGC_CTL_GetUserConfig  egc_ctl.o
    0x0800c4d0   0x0800c4d0   0x00000098   Code   RO         1348    i.__EGC_CTL_INIT_CONFIGGPIO_GetPinGroup  egc_ctl.o
    0x0800c568   0x0800c568   0x00000096   Code   RO         1349    i.__EGC_CTL_INIT_CONFIGGPIO_GetPinIndex  egc_ctl.o
    0x0800c5fe   0x0800c5fe   0x00000002   PAD
    0x0800c600   0x0800c600   0x000000d4   Code   RO         1350    i.__EGC_CTL_Init    egc_ctl.o
    0x0800c6d4   0x0800c6d4   0x000000c8   Code   RO         1351    i.__EGC_CTL_ProcTouch  egc_ctl.o
    0x0800c79c   0x0800c79c   0x00000eac   Code   RO         1352    i.__EGC_CTL_UpdateShow  egc_ctl.o
    0x0800d648   0x0800d648   0x000000ac   Code   RO         1353    i.__EGC_CTL_UpdateWIFI  egc_ctl.o
    0x0800d6f4   0x0800d6f4   0x00000054   Code   RO         1354    i.__EGC_CTL_W25Q_SPIRecv  egc_ctl.o
    0x0800d748   0x0800d748   0x00000058   Code   RO         1355    i.__EGC_CTL_W25Q_SPISend  egc_ctl.o
    0x0800d7a0   0x0800d7a0   0x00000184   Code   RO         1193    i.__EGC_ESP_AT_ConfigSNTP  egc_esp.o
    0x0800d924   0x0800d924   0x00000114   Code   RO         1194    i.__EGC_ESP_AT_ConnectAP  egc_esp.o
    0x0800da38   0x0800da38   0x00000104   Code   RO         1195    i.__EGC_ESP_AT_DisConnectAP  egc_esp.o
    0x0800db3c   0x0800db3c   0x000002c8   Code   RO         1196    i.__EGC_ESP_AT_GetSNTPTime  egc_esp.o
    0x0800de04   0x0800de04   0x00000100   Code   RO         1197    i.__EGC_ESP_AT_Reset  egc_esp.o
    0x0800df04   0x0800df04   0x00000108   Code   RO         1198    i.__EGC_ESP_AT_SetModDisable  egc_esp.o
    0x0800e00c   0x0800e00c   0x00000104   Code   RO         1199    i.__EGC_ESP_AT_SetModSTA  egc_esp.o
    0x0800e110   0x0800e110   0x00000050   Code   RO         1200    i.__EGC_ESP_HardwareReset  egc_esp.o
    0x0800e160   0x0800e160   0x00000098   Code   RO         1201    i.__EGC_ESP_INIT_CONFIGGPIO_GetPinGroup  egc_esp.o
    0x0800e1f8   0x0800e1f8   0x00000096   Code   RO         1202    i.__EGC_ESP_INIT_CONFIGGPIO_GetPinIndex  egc_esp.o
    0x0800e28e   0x0800e28e   0x00000082   Code   RO         1203    i.__EGC_ESP_INIT_CONFIGGPIO_SetPinGPIOClock  egc_esp.o
    0x0800e310   0x0800e310   0x0000003c   Code   RO         1204    i.__EGC_ESP_INIT_ConfigGPIO  egc_esp.o
    0x0800e34c   0x0800e34c   0x00000064   Code   RO         1205    i.__EGC_ESP_INIT_ConfigUART  egc_esp.o
    0x0800e3b0   0x0800e3b0   0x00000064   Code   RO         1206    i.__EGC_ESP_Init    egc_esp.o
    0x0800e414   0x0800e414   0x00000068   Code   RO         1207    i.__EGC_ESP_SetRTC  egc_esp.o
    0x0800e47c   0x0800e47c   0x00000144   Code   RO         1208    i.__EGC_ESP_UpdateTime  egc_esp.o
    0x0800e5c0   0x0800e5c0   0x00000098   Code   RO         1449    i.__EGC_HST_INIT_CONFIGGPIO_GetPinGroup  egc_hst.o
    0x0800e658   0x0800e658   0x00000096   Code   RO         1450    i.__EGC_HST_INIT_CONFIGGPIO_GetPinIndex  egc_hst.o
    0x0800e6ee   0x0800e6ee   0x00000002   PAD
    0x0800e6f0   0x0800e6f0   0x00000064   Code   RO         1451    i.__EGC_HST_INIT_ConfigUART  egc_hst.o
    0x0800e754   0x0800e754   0x00000034   Code   RO         1452    i.__EGC_HST_Init    egc_hst.o
    0x0800e788   0x0800e788   0x00000020   Code   RO         1453    i.__EGC_HST_L2_CalcChkSum  egc_hst.o
    0x0800e7a8   0x0800e7a8   0x00000062   Code   RO         1454    i.__EGC_HST_PRM_InitTime  egc_hst.o
    0x0800e80a   0x0800e80a   0x00000002   PAD
    0x0800e80c   0x0800e80c   0x000000a8   Code   RO         1455    i.__EGC_HST_PRM_ReplyConfigInfo  egc_hst.o
    0x0800e8b4   0x0800e8b4   0x00000088   Code   RO         1456    i.__EGC_HST_PRM_WriteConfigInfo  egc_hst.o
    0x0800e93c   0x0800e93c   0x00000030   Code   RO         1457    i.__EGC_HST_PRM_WriteFlash  egc_hst.o
    0x0800e96c   0x0800e96c   0x00000190   Code   RO         1458    i.__EGC_HST_ProcessRecvMsg  egc_hst.o
    0x0800eafc   0x0800eafc   0x00000018   Code   RO         1459    i.__EGC_HST_UARTSend  egc_hst.o
    0x0800eb14   0x0800eb14   0x00000098   Code   RO          234    i.__EGC_LG1_INIT_CONFIGGPIO_GetPinGroup  egc_lg1.o
    0x0800ebac   0x0800ebac   0x00000096   Code   RO          235    i.__EGC_LG1_INIT_CONFIGGPIO_GetPinIndex  egc_lg1.o
    0x0800ec42   0x0800ec42   0x00000082   Code   RO          236    i.__EGC_LG1_INIT_CONFIGGPIO_SetPinGPIOClock  egc_lg1.o
    0x0800ecc4   0x0800ecc4   0x0000014c   Code   RO          237    i.__EGC_LG1_INIT_ConfigGPIO  egc_lg1.o
    0x0800ee10   0x0800ee10   0x0000050e   Code   RO          238    i.__EGC_LG1_INIT_ConfigLCD  egc_lg1.o
    0x0800f31e   0x0800f31e   0x00000002   PAD
    0x0800f320   0x0800f320   0x0000016c   Code   RO          239    i.__EGC_LG1_INIT_ConfigTIM  egc_lg1.o
    0x0800f48c   0x0800f48c   0x0000001e   Code   RO          240    i.__EGC_LG1_INIT_TailLeadZeros  egc_lg1.o
    0x0800f4aa   0x0800f4aa   0x00000002   PAD
    0x0800f4ac   0x0800f4ac   0x00000128   Code   RO          241    i.__EGC_LG1_Init    egc_lg1.o
    0x0800f5d4   0x0800f5d4   0x0000006c   Code   RO          242    i.__EGC_LG1_SetLCDBrightness  egc_lg1.o
    0x0800f640   0x0800f640   0x00000056   Code   RO          243    i.__EGC_LG1_SetLCDScreenCSN  egc_lg1.o
    0x0800f696   0x0800f696   0x0000001e   Code   RO          244    i.__EGC_LG1_SetLCDScreenDCxCommand  egc_lg1.o
    0x0800f6b4   0x0800f6b4   0x0000001e   Code   RO          245    i.__EGC_LG1_SetLCDScreenDCxData  egc_lg1.o
    0x0800f6d2   0x0800f6d2   0x00000030   Code   RO          246    i.__EGC_LG1_SetLCDScreenReset  egc_lg1.o
    0x0800f702   0x0800f702   0x00000002   PAD
    0x0800f704   0x0800f704   0x00000064   Code   RO          247    i.__EGC_LG1_WriteLCDScreenDatInfo  egc_lg1.o
    0x0800f768   0x0800f768   0x00000060   Code   RO          248    i.__EGC_LG1_WriteLCDScreenSetInfo  egc_lg1.o
    0x0800f7c8   0x0800f7c8   0x00000098   Code   RO          386    i.__EGC_LG2_INIT_CONFIGGPIO_GetPinGroup  egc_lg2.o
    0x0800f860   0x0800f860   0x00000096   Code   RO          387    i.__EGC_LG2_INIT_CONFIGGPIO_GetPinIndex  egc_lg2.o
    0x0800f8f6   0x0800f8f6   0x00000082   Code   RO          388    i.__EGC_LG2_INIT_CONFIGGPIO_SetPinGPIOClock  egc_lg2.o
    0x0800f978   0x0800f978   0x00000112   Code   RO          389    i.__EGC_LG2_INIT_ConfigGPIO  egc_lg2.o
    0x0800fa8a   0x0800fa8a   0x0000050c   Code   RO          390    i.__EGC_LG2_INIT_ConfigLCD  egc_lg2.o
    0x0800ff96   0x0800ff96   0x00000002   PAD
    0x0800ff98   0x0800ff98   0x00000120   Code   RO          391    i.__EGC_LG2_Init    egc_lg2.o
    0x080100b8   0x080100b8   0x00000056   Code   RO          392    i.__EGC_LG2_SetLCDScreenCSN  egc_lg2.o
    0x0801010e   0x0801010e   0x0000001e   Code   RO          393    i.__EGC_LG2_SetLCDScreenDCxCommand  egc_lg2.o
    0x0801012c   0x0801012c   0x0000001e   Code   RO          394    i.__EGC_LG2_SetLCDScreenDCxData  egc_lg2.o
    0x0801014a   0x0801014a   0x00000030   Code   RO          395    i.__EGC_LG2_SetLCDScreenReset  egc_lg2.o
    0x0801017a   0x0801017a   0x00000002   PAD
    0x0801017c   0x0801017c   0x00000060   Code   RO          396    i.__EGC_LG2_WriteLCDScreenDatInfo  egc_lg2.o
    0x080101dc   0x080101dc   0x00000060   Code   RO          397    i.__EGC_LG2_WriteLCDScreenSetInfo  egc_lg2.o
    0x0801023c   0x0801023c   0x00000098   Code   RO         1138    i.__EGC_MSR_INIT_CONFIGGPIO_GetPinGroup  egc_msr.o
    0x080102d4   0x080102d4   0x00000096   Code   RO         1139    i.__EGC_MSR_INIT_CONFIGGPIO_GetPinIndex  egc_msr.o
    0x0801036a   0x0801036a   0x00000002   PAD
    0x0801036c   0x0801036c   0x000000b0   Code   RO         1140    i.__EGC_MSR_Init    egc_msr.o
    0x0801041c   0x0801041c   0x00000048   Code   RO          639    i.__SYS_IntHandler  sys_interrupt.o
    0x08010464   0x08010464   0x00000002   Code   RO          640    i.__SYS_IntHandlerDummy  sys_interrupt.o
    0x08010466   0x08010466   0x0000007a   Code   RO          494    i.__SYS_SystemClockConfig  sys_cfg.o
    0x080104e0   0x080104e0   0x000000d8   Code   RO          641    i.__SYS_SystemInterruptInit  sys_interrupt.o
    0x080105b8   0x080105b8   0x00000064   Code   RO          495    i.__SYS_SystemRTCConfig  sys_cfg.o
    0x0801061c   0x0801061c   0x0000001e   Code   RO         8180    i.__TailLeadZeros   drv_sdram_stm32f4xx.o
    0x0801063a   0x0801063a   0x00000034   Code   RO         1209    i.__strreplace      egc_esp.o
    0x0801066e   0x0801066e   0x0000000e   Code   RO         8789    i._is_digit         c_w.l(__printf_wp.o)
    0x0801067c   0x0801067c   0x000001f0   Code   RO            2    i.main              egc.o
    0x0801086c   0x0801086c   0x0000002e   Code   RO         1322    i.scnprintf         pub_lib.o
    0x0801089a   0x0801089a   0x00000002   PAD
    0x0801089c   0x0801089c   0x0000002c   Code   RO         9107    locale$$code        c_w.l(lc_numeric_c.o)
    0x080108c8   0x080108c8   0x0000002c   Code   RO         9142    locale$$code        c_w.l(lc_ctype_c.o)
    0x080108f4   0x080108f4   0x00000062   Code   RO         8825    x$fpl$d2f           fz_wm.l(d2f.o)
    0x08010956   0x08010956   0x00000002   PAD
    0x08010958   0x08010958   0x00000150   Code   RO         8827    x$fpl$dadd          fz_wm.l(daddsub_clz.o)
    0x08010aa8   0x08010aa8   0x000002b0   Code   RO         8834    x$fpl$ddiv          fz_wm.l(ddiv.o)
    0x08010d58   0x08010d58   0x00000026   Code   RO         8837    x$fpl$dfltu         fz_wm.l(dflt_clz.o)
    0x08010d7e   0x08010d7e   0x00000002   PAD
    0x08010d80   0x08010d80   0x00000154   Code   RO         8843    x$fpl$dmul          fz_wm.l(dmul.o)
    0x08010ed4   0x08010ed4   0x0000009c   Code   RO         8994    x$fpl$dnaninf       fz_wm.l(dnaninf.o)
    0x08010f70   0x08010f70   0x0000000c   Code   RO         8996    x$fpl$dretinf       fz_wm.l(dretinf.o)
    0x08010f7c   0x08010f7c   0x000001d4   Code   RO         8829    x$fpl$dsub          fz_wm.l(daddsub_clz.o)
    0x08011150   0x08011150   0x0000000a   Code   RO         9061    x$fpl$fpinit        fz_wm.l(fpinit.o)
    0x0801115a   0x0801115a   0x0000000a   Code   RO         8998    x$fpl$fretinf       fz_wm.l(fretinf.o)
    0x08011164   0x08011164   0x00000004   Code   RO         9000    x$fpl$printf1       fz_wm.l(printf1.o)
    0x08011168   0x08011168   0x00000004   Code   RO         9002    x$fpl$printf2       fz_wm.l(printf2.o)
    0x0801116c   0x0801116c   0x00000000   Code   RO         9008    x$fpl$usenofp       fz_wm.l(usenofp.o)
    0x0801116c   0x0801116c   0x00000016   Data   RO          250    .constdata          egc_lg1.o
    0x08011182   0x08011182   0x00000002   PAD
    0x08011184   0x08011184   0x00000094   Data   RO         7128    .constdata          os_cfg_app.o
    0x08011218   0x08011218   0x0000016c   Data   RO         7354    .constdata          os_dbg.o
    0x08011384   0x08011384   0x00000011   Data   RO         8797    .constdata          c_w.l(__printf_flags_ss_wp.o)
    0x08011395   0x08011395   0x00000003   PAD
    0x08011398   0x08011398   0x00000008   Data   RO         8892    .constdata          c_w.l(_printf_wctomb.o)
    0x080113a0   0x080113a0   0x00000028   Data   RO         8921    .constdata          c_w.l(_printf_hex_int_ll_ptr.o)
    0x080113c8   0x080113c8   0x0000000c   Data   RO         8944    .constdata          c_w.l(_monlen.o)
    0x080113d4   0x080113d4   0x00000026   Data   RO         9044    .constdata          c_w.l(_printf_fp_hex.o)
    0x080113fa   0x080113fa   0x00000002   PAD
    0x080113fc   0x080113fc   0x00000094   Data   RO         9082    .constdata          c_w.l(bigflt0.o)
    0x08011490   0x08011490   0x00000020   Data   RO         9196    Region$$Table       anon$$obj.o
    0x080114b0   0x080114b0   0x0000001c   Data   RO         9106    locale$$data        c_w.l(lc_numeric_c.o)
    0x080114cc   0x080114cc   0x00000110   Data   RO         9141    locale$$data        c_w.l(lc_ctype_c.o)


    Execution Region RW_IRAM1 (Exec base: 0x20000000, Load base: 0x080115dc, Size: 0x0000e5d0, Max: 0x00030000, ABSOLUTE)

    Exec Addr    Load Addr    Size         Type   Attr      Idx    E Section Name        Object

    0x20000000   0x080115dc   0x00000008   Data   RW          399    .data               egc_lg2.o
    0x20000008   0x080115e4   0x00000008   Data   RW         1357    .data               egc_ctl.o
    0x20000010   0x080115ec   0x00000014   Data   RW         1461    .data               egc_hst.o
    0x20000024   0x08011600   0x00000010   Data   RW         4204    .data               stm32f4xx_rcc.o
    0x20000034   0x08011610   0x0000001c   Data   RW         6371    .data               cpu_core.o
    0x20000050   0x0801162c   0x00000004   Data   RW         6674    .data               lib_math.o
    0x20000054   0x08011630   0x00000004   Data   RW         6735    .data               lib_mem.o
    0x20000058   0x08011634   0x00000004   Data   RW         7052    .data               os_cpu_c.o
    0x2000005c   0x08011638   0x00000004   Data   RW         7624    .data               os_prio.o
    0x20000060   0x0801163c   0x000000bc   Data   RW         8164    .data               os_var.o
    0x2000011c        -       0x00008480   Zero   RW            3    .bss                egc.o
    0x2000859c        -       0x00000070   Zero   RW          249    .bss                egc_lg1.o
    0x2000860c        -       0x00000064   Zero   RW          398    .bss                egc_lg2.o
    0x20008670        -       0x0000016c   Zero   RW          642    .bss                sys_interrupt.o
    0x200087dc        -       0x000000c0   Zero   RW         1141    .bss                egc_msr.o
    0x2000889c        -       0x00000070   Zero   RW         1210    .bss                egc_esp.o
    0x2000890c        -       0x000004c0   Zero   RW         1356    .bss                egc_ctl.o
    0x20008dcc        -       0x00000174   Zero   RW         1460    .bss                egc_hst.o
    0x20008f40        -       0x00000010   Zero   RW         6369    .bss                cpu_core.o
    0x20008f50        -       0x00000414   Zero   RW         6734    .bss                lib_mem.o
    0x20009364        -       0x00002920   Zero   RW         7127    .bss                os_cfg_app.o
    0x2000bc84        -       0x000004bc   Zero   RW         8163    .bss                os_var.o
    0x2000c140        -       0x0000002c   Zero   RW         8817    .bss                c_w.l(localtime.o)
    0x2000c16c        -       0x00000060   Zero   RW         9012    .bss                c_w.l(libspace.o)
    0x2000c1cc   0x080116f8   0x00000004   PAD
    0x2000c1d0        -       0x00002000   Zero   RW         6267    HEAP                cstartup.o
    0x2000e1d0        -       0x00000400   Zero   RW         6266    STACK               cstartup.o


==============================================================================

Image component sizes


      Code (inc. data)   RO Data    RW Data    ZI Data      Debug   Object Name

        52          0          0          0          0        312   cpu_a.o
       544         98          0         28         16       9327   cpu_core.o
        92         32        428          0       9216        700   cstartup.o
       568         48          0          0          0       6700   drv_hdc1080.o
      3468        180          0          0          0      11172   drv_i2c_stm32f4xx.o
      1618        116          0          0          0      36303   drv_msa300.o
      1710         44          0          0          0       2762   drv_sdram_stm32f4xx.o
      5530        200          0          0          0      31925   drv_spi_stm32f4xx.o
      2628        146          0          0          0      10573   drv_uart_stm32f4xx.o
      1126         34          0          0          0      12390   drv_w25q.o
       496        158          0          0      33920     415475   egc.o
      6818        452          0          8       1216      17269   egc_ctl.o
      3892        656          0          0        112      19096   egc_esp.o
      1456        198          0         20        372       9618   egc_hst.o
      3674        176         22          0        112      49183   egc_lg1.o
      3076        160          0          8        100      15459   egc_lg2.o
       726        104          0          0        192       7749   egc_msr.o
        62          4          0          4          0       2034   lib_math.o
       288         24          0          4       1044      15049   lib_mem.o
       120         14          0          0          0        968   misc.o
         2          0        148          0      10528      19057   os_cfg_app.o
      2668        324          0          0          0      19020   os_core.o
       268         14          0          0          0        400   os_cpu_a.o
      1164        164          0          4          0      26385   os_cpu_c.o
       424        278        364          0          0       4673   os_dbg.o
        24         10          0          0          0        830   os_flag.o
        24         10          0          0          0        837   os_mem.o
       174         18          0          0          0       2164   os_msg.o
      1228         56          0          0          0       6991   os_mutex.o
       136         16          0          4          0       2766   os_prio.o
        24         10          0          0          0        835   os_q.o
      1310         74          0          0          0       7728   os_sem.o
      1336        168          0          0          0       3166   os_stat.o
      2516        126          0          0          0      10641   os_task.o
      1162         88          0          0          0       5771   os_tick.o
       520         40          0          0          0       2697   os_time.o
       568        142          0          0          0       3461   os_tmr.o
         0          0          0        188       1212      17706   os_var.o
        46          0          0          0          0        748   pub_lib.o
       678         58          0          0          0       6165   stm32f4xx_dma.o
       160         12          0          0          0       1433   stm32f4xx_exti.o
       120         24          0          0          0       2090   stm32f4xx_flash.o
       452         20          0          0          0       3379   stm32f4xx_fmc.o
       222          0          0          0          0       2767   stm32f4xx_gpio.o
       500         14          0          0          0       7661   stm32f4xx_i2c.o
        12          6          0          0          0        510   stm32f4xx_pwr.o
       936        140          0         16          0      13877   stm32f4xx_rcc.o
       970         66          0          0          0       8378   stm32f4xx_rtc.o
       214          0          0          0          0       5368   stm32f4xx_spi.o
        64          4          0          0          0        632   stm32f4xx_syscfg.o
       782         66          0          0          0       7787   stm32f4xx_tim.o
       652         42          0          0          0       5322   stm32f4xx_usart.o
       334         20          0          0          0       3090   sys_cfg.o
      1200         56          0          0        364      46540   sys_interrupt.o

    ----------------------------------------------------------------------
     58898       4910        996        284      58404     924939   Object Totals
         0          0         32          0          0          0   (incl. Generated)
        64          0          2          0          0          0   (incl. Padding)

    ----------------------------------------------------------------------

      Code (inc. data)   RO Data    RW Data    ZI Data      Debug   Library Member Name

        44          6          0          0          0         84   __2sprintf.o
         8          0          0          0          0         68   __main.o
       392          4         17          0          0         92   __printf_flags_ss_wp.o
        14          0          0          0          0         68   __printf_wp.o
         0          0          0          0          0          0   __rtentry.o
        12          0          0          0          0          0   __rtentry2.o
         6          0          0          0          0          0   __rtentry4.o
        52          8          0          0          0          0   __scatter.o
        26          0          0          0          0          0   __scatter_copy.o
        28          0          0          0          0          0   __scatter_zi.o
         0          0         12          0          0          0   _monlen.o
         6          0          0          0          0          0   _printf_a.o
         6          0          0          0          0          0   _printf_c.o
        44          0          0          0          0        108   _printf_char.o
        48          6          0          0          0         96   _printf_char_common.o
        40          0          0          0          0         68   _printf_charcount.o
         6          0          0          0          0          0   _printf_d.o
       120         16          0          0          0         92   _printf_dec.o
         6          0          0          0          0          0   _printf_e.o
         6          0          0          0          0          0   _printf_f.o
      1054          0          0          0          0        216   _printf_fp_dec.o
       764          8         38          0          0        100   _printf_fp_hex.o
       128         16          0          0          0         84   _printf_fp_infnan.o
         6          0          0          0          0          0   _printf_g.o
       148          4         40          0          0        160   _printf_hex_int_ll_ptr.o
         6          0          0          0          0          0   _printf_i.o
       178          0          0          0          0         88   _printf_intcommon.o
        10          0          0          0          0          0   _printf_l.o
         6          0          0          0          0          0   _printf_lc.o
        10          0          0          0          0          0   _printf_ll.o
         6          0          0          0          0          0   _printf_lld.o
         6          0          0          0          0          0   _printf_lli.o
         6          0          0          0          0          0   _printf_llo.o
         6          0          0          0          0          0   _printf_llu.o
         6          0          0          0          0          0   _printf_llx.o
       124         16          0          0          0         92   _printf_longlong_dec.o
         6          0          0          0          0          0   _printf_ls.o
         6          0          0          0          0          0   _printf_n.o
         6          0          0          0          0          0   _printf_o.o
       112         10          0          0          0        124   _printf_oct_int_ll.o
         6          0          0          0          0          0   _printf_p.o
        78          0          0          0          0        108   _printf_pad.o
         0          0          0          0          0          0   _printf_percent.o
         4          0          0          0          0          0   _printf_percent_end.o
         6          0          0          0          0          0   _printf_s.o
        82          0          0          0          0         80   _printf_str.o
        36          0          0          0          0         84   _printf_truncate.o
         6          0          0          0          0          0   _printf_u.o
        44          0          0          0          0        108   _printf_wchar.o
       188          6          8          0          0         92   _printf_wctomb.o
         6          0          0          0          0          0   _printf_x.o
        16          0          0          0          0         68   _snputc.o
        10          0          0          0          0         68   _sputc.o
        64          0          0          0          0         92   _wcrtomb.o
       228          4        148          0          0         96   bigflt0.o
      1936        128          0          0          0        672   btod.o
        10          0          0          0          0         68   defsig_exit.o
        50          0          0          0          0         88   defsig_general.o
        80         58          0          0          0         76   defsig_rtmem_inner.o
        14          0          0          0          0         80   defsig_rtmem_outer.o
        18          0          0          0          0         80   exit.o
        94          0          0          0          0         80   h1_alloc.o
        52          0          0          0          0         68   h1_extend.o
        78          0          0          0          0         80   h1_free.o
        14          0          0          0          0         84   h1_init.o
         6          0          0          0          0        152   heapauxi.o
         4          0          0          0          0        136   hguard.o
         0          0          0          0          0          0   indicate_semi.o
       138          0          0          0          0        168   init_alloc.o
        44         10        272          0          0         76   lc_ctype_c.o
        44         10         28          0          0         76   lc_numeric_c.o
         2          0          0          0          0          0   libinit.o
        42          0          0          0          0          0   libinit2.o
         2          0          0          0          0          0   libshutdown.o
         2          0          0          0          0          0   libshutdown2.o
         8          4          0          0         96         68   libspace.o
       138          0          0          0          0         80   lludiv10.o
        12          6          0          0         44         68   localtime.o
       184          6          0          0          0         80   localtime_internal.o
         0          0          0          0          0          0   maybetermalloc1.o
       428         10          0          0          0        116   mktime.o
        16          4          0          0          0         76   rt_ctype_table.o
         8          4          0          0          0         68   rt_heap_descriptor_intlibspace.o
         8          4          0          0          0         68   rt_locale_intlibspace.o
        68          0          0          0          0         68   rt_memclr.o
        78          0          0          0          0         80   rt_memclr_w.o
       138          0          0          0          0         68   rt_memcpy_v6.o
       100          0          0          0          0         80   rt_memcpy_w.o
         2          0          0          0          0          0   rtexit.o
        10          0          0          0          0          0   rtexit2.o
       128          0          0          0          0         68   strcmpv7m.o
        62          0          0          0          0         76   strlen.o
        36          0          0          0          0         80   strstr.o
        12          4          0          0          0         68   sys_exit.o
        74          0          0          0          0         80   sys_stackheap_outer.o
        14          0          0          0          0         76   sys_wrch.o
         2          0          0          0          0         68   use_no_semi.o
        52          4          0          0          0         80   vsnprintf.o
        98          4          0          0          0        140   d2f.o
       804         16          0          0          0        368   daddsub_clz.o
       688        140          0          0          0        256   ddiv.o
        38          0          0          0          0        116   dflt_clz.o
       340         12          0          0          0        152   dmul.o
       156          4          0          0          0        140   dnaninf.o
        12          0          0          0          0        116   dretinf.o
        10          0          0          0          0        116   fpinit.o
        10          0          0          0          0        116   fretinf.o
         4          0          0          0          0        116   printf1.o
         4          0          0          0          0        116   printf2.o
         0          0          0          0          0          0   usenofp.o
        48          0          0          0          0        124   fpclassify.o

    ----------------------------------------------------------------------
     10670        532        568          0        144       7712   Library Totals
        18          0          5          0          4          0   (incl. Padding)

    ----------------------------------------------------------------------

      Code (inc. data)   RO Data    RW Data    ZI Data      Debug   Library Name

      8440        356        563          0        140       5836   c_w.l
      2164        176          0          0          0       1752   fz_wm.l
        48          0          0          0          0        124   m_wm.l

    ----------------------------------------------------------------------
     10670        532        568          0        144       7712   Library Totals

    ----------------------------------------------------------------------

==============================================================================


      Code (inc. data)   RO Data    RW Data    ZI Data      Debug   

     69568       5442       1564        284      58548     883423   Grand Totals
     69568       5442       1564        284      58548     883423   ELF Image Totals
     69568       5442       1564        284          0          0   ROM Totals

==============================================================================

    Total RO  Size (Code + RO Data)                71132 (  69.46kB)
    Total RW  Size (RW Data + ZI Data)             58832 (  57.45kB)
    Total ROM Size (Code + RO Data + RW Data)      71416 (  69.74kB)

==============================================================================

